Archive member included to satisfy reference by file (symbol)

/home/kentaro/git/AIchipV3/sample_soft/CMSISv1p30_LPC13xx/Debug/libCMSISv1p30_LPC13xx.a(system_LPC13xx.o)
                              ./src/PERIPHERAL/ad.o (SystemCoreClock)
/usr/local/mcuxpressoide-10.3.1_2233/ide/plugins/com.nxp.mcuxpresso.tools.linux_10.3.0.201811011841/tools/bin/../lib/gcc/arm-none-eabi/7.3.1/../../../../arm-none-eabi/lib/thumb/v7-m/libcr_semihost.a(_cr__main.o)
                              ./src/OTHER/cr_startup_lpc13xx.o (__main)
/usr/local/mcuxpressoide-10.3.1_2233/ide/plugins/com.nxp.mcuxpresso.tools.linux_10.3.0.201811011841/tools/bin/../lib/gcc/arm-none-eabi/7.3.1/../../../../arm-none-eabi/lib/thumb/v7-m/libcr_c.a(memcpy.o)
                              ./src/PERIPHERAL/debug.o (memcpy)
/usr/local/mcuxpressoide-10.3.1_2233/ide/plugins/com.nxp.mcuxpresso.tools.linux_10.3.0.201811011841/tools/bin/../lib/gcc/arm-none-eabi/7.3.1/../../../../arm-none-eabi/lib/thumb/v7-m/libcr_c.a(fpprintf.o)
                              ./src/PERIPHERAL/debug.o (vsprintf)
/usr/local/mcuxpressoide-10.3.1_2233/ide/plugins/com.nxp.mcuxpresso.tools.linux_10.3.0.201811011841/tools/bin/../lib/gcc/arm-none-eabi/7.3.1/../../../../arm-none-eabi/lib/thumb/v7-m/libcr_c.a(initio.o)
                              /usr/local/mcuxpressoide-10.3.1_2233/ide/plugins/com.nxp.mcuxpresso.tools.linux_10.3.0.201811011841/tools/bin/../lib/gcc/arm-none-eabi/7.3.1/../../../../arm-none-eabi/lib/thumb/v7-m/libcr_semihost.a(_cr__main.o) (_initio)
/usr/local/mcuxpressoide-10.3.1_2233/ide/plugins/com.nxp.mcuxpresso.tools.linux_10.3.0.201811011841/tools/bin/../lib/gcc/arm-none-eabi/7.3.1/../../../../arm-none-eabi/lib/thumb/v7-m/libcr_c.a(printf.o)
                              /usr/local/mcuxpressoide-10.3.1_2233/ide/plugins/com.nxp.mcuxpresso.tools.linux_10.3.0.201811011841/tools/bin/../lib/gcc/arm-none-eabi/7.3.1/../../../../arm-none-eabi/lib/thumb/v7-m/libcr_c.a(fpprintf.o) (__vfprintf)
/usr/local/mcuxpressoide-10.3.1_2233/ide/plugins/com.nxp.mcuxpresso.tools.linux_10.3.0.201811011841/tools/bin/../lib/gcc/arm-none-eabi/7.3.1/../../../../arm-none-eabi/lib/thumb/v7-m/libcr_c.a(setvbuf.o)
                              /usr/local/mcuxpressoide-10.3.1_2233/ide/plugins/com.nxp.mcuxpresso.tools.linux_10.3.0.201811011841/tools/bin/../lib/gcc/arm-none-eabi/7.3.1/../../../../arm-none-eabi/lib/thumb/v7-m/libcr_c.a(initio.o) (setvbuf)
/usr/local/mcuxpressoide-10.3.1_2233/ide/plugins/com.nxp.mcuxpresso.tools.linux_10.3.0.201811011841/tools/bin/../lib/gcc/arm-none-eabi/7.3.1/../../../../arm-none-eabi/lib/thumb/v7-m/libcr_c.a(strlen.o)
                              /usr/local/mcuxpressoide-10.3.1_2233/ide/plugins/com.nxp.mcuxpresso.tools.linux_10.3.0.201811011841/tools/bin/../lib/gcc/arm-none-eabi/7.3.1/../../../../arm-none-eabi/lib/thumb/v7-m/libcr_c.a(printf.o) (strlen)
/usr/local/mcuxpressoide-10.3.1_2233/ide/plugins/com.nxp.mcuxpresso.tools.linux_10.3.0.201811011841/tools/bin/../lib/gcc/arm-none-eabi/7.3.1/../../../../arm-none-eabi/lib/thumb/v7-m/libcr_c.a(memset.o)
                              /usr/local/mcuxpressoide-10.3.1_2233/ide/plugins/com.nxp.mcuxpresso.tools.linux_10.3.0.201811011841/tools/bin/../lib/gcc/arm-none-eabi/7.3.1/../../../../arm-none-eabi/lib/thumb/v7-m/libcr_c.a(fpprintf.o) (memset)
/usr/local/mcuxpressoide-10.3.1_2233/ide/plugins/com.nxp.mcuxpresso.tools.linux_10.3.0.201811011841/tools/bin/../lib/gcc/arm-none-eabi/7.3.1/../../../../arm-none-eabi/lib/thumb/v7-m/libcr_c.a(_deferredlazyseek.o)
                              /usr/local/mcuxpressoide-10.3.1_2233/ide/plugins/com.nxp.mcuxpresso.tools.linux_10.3.0.201811011841/tools/bin/../lib/gcc/arm-none-eabi/7.3.1/../../../../arm-none-eabi/lib/thumb/v7-m/libcr_c.a(fpprintf.o) (__flsbuf)
/usr/local/mcuxpressoide-10.3.1_2233/ide/plugins/com.nxp.mcuxpresso.tools.linux_10.3.0.201811011841/tools/bin/../lib/gcc/arm-none-eabi/7.3.1/../../../../arm-none-eabi/lib/thumb/v7-m/libcr_c.a(_fdopen.o)
                              /usr/local/mcuxpressoide-10.3.1_2233/ide/plugins/com.nxp.mcuxpresso.tools.linux_10.3.0.201811011841/tools/bin/../lib/gcc/arm-none-eabi/7.3.1/../../../../arm-none-eabi/lib/thumb/v7-m/libcr_c.a(initio.o) (_fdopen)
/usr/local/mcuxpressoide-10.3.1_2233/ide/plugins/com.nxp.mcuxpresso.tools.linux_10.3.0.201811011841/tools/bin/../lib/gcc/arm-none-eabi/7.3.1/../../../../arm-none-eabi/lib/thumb/v7-m/libcr_c.a(_fflush.o)
                              /usr/local/mcuxpressoide-10.3.1_2233/ide/plugins/com.nxp.mcuxpresso.tools.linux_10.3.0.201811011841/tools/bin/../lib/gcc/arm-none-eabi/7.3.1/../../../../arm-none-eabi/lib/thumb/v7-m/libcr_c.a(_deferredlazyseek.o) (_fflush)
/usr/local/mcuxpressoide-10.3.1_2233/ide/plugins/com.nxp.mcuxpresso.tools.linux_10.3.0.201811011841/tools/bin/../lib/gcc/arm-none-eabi/7.3.1/../../../../arm-none-eabi/lib/thumb/v7-m/libcr_c.a(_frexpl.o)
[...]
Memory Configuration

Name             Origin             Length             Attributes
MFlash32         0x0000000000000000 0x0000000000008000 xr
RamLoc8          0x0000000010000000 0x0000000000002000 xrw
*default*        0x0000000000000000 0xffffffffffffffff

Linker script and memory map

LOAD ./src/USB/cdcuser.o
LOAD ./src/USB/usbcore.o
LOAD ./src/USB/usbdesc.o
LOAD ./src/USB/usbhw.o
LOAD ./src/USB/usbuser.o
LOAD ./src/PERIPHERAL/SystemTickTimer.o
LOAD ./src/PERIPHERAL/ad.o
LOAD ./src/PERIPHERAL/debug.o
LOAD ./src/PERIPHERAL/i2c.o
LOAD ./src/PERIPHERAL/io.o
LOAD ./src/PERIPHERAL/pwm.o
LOAD ./src/PERIPHERAL/ssp.o
LOAD ./src/PERIPHERAL/timer.o
LOAD ./src/PERIPHERAL/uart.o
LOAD ./src/PERIPHERAL/usbTransmission.o
LOAD ./src/OTHER/cr_startup_lpc13xx.o
LOAD ./src/OTHER/crp.o
LOAD ./src/OTHER/serial.o
LOAD ./src/MODE/modeSelect.o
LOAD ./src/MODE/mode_BluetoothSetting.o
LOAD ./src/MODE/mode_controlRun.o
LOAD ./src/MODE/mode_debug.o
LOAD ./src/MODE/mode_dutyMax.o
LOAD ./src/MODE/mode_selectDuty.o
LOAD ./src/AICHIP/AICHIPFunction.o
LOAD ./src/AICHIP/EEPROM_24LC16BT_I.o
LOAD ./src/AICHIP/UserInterface.o
LOAD ./src/AICHIP/main.o
LOAD ./src/AICHIP/mpu9250.o
LOAD ./src/AICHIP/tinyMathFunctions.o
LOAD /home/kentaro/git/AIchipV3/sample_soft/CMSISv1p30_LPC13xx/Debug/libCMSISv1p30_LPC13xx.a
START GROUP
LOAD /usr/local/mcuxpressoide-10.3.1_2233/ide/plugins/com.nxp.mcuxpresso.tools.linux_10.3.0.201811011841/tools/bin/../lib/gcc/arm-none-eabi/7.3.1/../../../../arm-none-eabi/lib/thumb/v7-m/libcr_semihost.a
LOAD /usr/local/mcuxpressoide-10.3.1_2233/ide/plugins/com.nxp.mcuxpresso.tools.linux_10.3.0.201811011841/tools/bin/../lib/gcc/arm-none-eabi/7.3.1/../../../../arm-none-eabi/lib/thumb/v7-m/libcr_c.a
LOAD /usr/local/mcuxpressoide-10.3.1_2233/ide/plugins/com.nxp.mcuxpresso.tools.linux_10.3.0.201811011841/tools/bin/../lib/gcc/arm-none-eabi/7.3.1/thumb/v7-m/libcr_eabihelpers.a
LOAD /usr/local/mcuxpressoide-10.3.1_2233/ide/plugins/com.nxp.mcuxpresso.tools.linux_10.3.0.201811011841/tools/bin/../lib/gcc/arm-none-eabi/7.3.1/thumb/v7-m/libgcc.a
END GROUP
                0x0000000000000000                __base_MFlash32 = 0x0
                0x0000000000000000                __base_Flash = 0x0
                0x0000000000008000                __top_MFlash32 = 0x8000
                0x0000000000008000                __top_Flash = 0x8000
                0x0000000010000000                __base_RamLoc8 = 0x10000000
                0x0000000010000000                __base_RAM = 0x10000000
                0x0000000010002000                __top_RamLoc8 = 0x10002000
                0x0000000010002000                __top_RAM = 0x10002000

.text           0x0000000000000000     0x710c
 FILL mask 0xff
                0x0000000000000000                __vectors_start__ = ABSOLUTE (.)
 *(.isr_vector)
 .isr_vector    0x0000000000000000      0x128 ./src/OTHER/cr_startup_lpc13xx.o
                0x0000000000000000                g_pfnVectors
                0x0000000000000128                . = ALIGN (0x4)
                0x0000000000000128                __section_table_start = .
                0x0000000000000128                __data_section_table = .
                0x0000000000000128        0x4 LONG 0x710c LOADADDR (.data)
                0x000000000000012c        0x4 LONG 0x10000000 ADDR (.data)
                0x0000000000000130        0x4 LONG 0x20 SIZEOF (.data)
                0x0000000000000134                __data_section_table_end = .
                0x0000000000000134                __bss_section_table = .
                0x0000000000000134        0x4 LONG 0x10000020 ADDR (.bss)
                0x0000000000000138        0x4 LONG 0x75c SIZEOF (.bss)
                0x000000000000013c                __bss_section_table_end = .
                0x000000000000013c                __section_table_end = .
 *(.after_vectors*)
 .after_vectors
                0x000000000000013c       0x8c ./src/OTHER/cr_startup_lpc13xx.o
                0x000000000000013c                NMI_Handler
                0x000000000000013e                HardFault_Handler
                0x0000000000000140                MemManage_Handler
                0x0000000000000142                BusFault_Handler
                0x0000000000000144                UsageFault_Handler
                0x0000000000000146                SVC_Handler
                0x0000000000000148                DebugMon_Handler
                0x000000000000014a                PendSV_Handler
                0x000000000000014e                TIMER16_0_IRQHandler
                0x000000000000014e                IntDefaultHandler
                0x000000000000014e                PIOINT1_IRQHandler
                0x000000000000014e                TIMER16_1_IRQHandler
                0x000000000000014e                USB_FIQHandler
                0x000000000000014e                ADC_IRQHandler
                0x000000000000014e                SSP1_IRQHandler
                0x000000000000014e                PIOINT2_IRQHandler
                0x000000000000014e                BOD_IRQHandler
                0x000000000000014e                WAKEUP_IRQHandler
                0x000000000000014e                PIOINT0_IRQHandler
                0x000000000000014e                WDT_IRQHandler
                0x000000000000014e                PIOINT3_IRQHandler
                0x000000000000014e                FMC_IRQHandler
                0x0000000000000150                data_init
                0x000000000000016c                bss_init
                0x000000000000017e                ResetISR
                0x00000000000002fc                . = 0x2fc
 *fill*         0x00000000000001c8      0x134 ff
                0x00000000000002fc                PROVIDE (__CRP_WORD_START__ = .)
 *(.crp)
 .crp           0x00000000000002fc        0x4 ./src/OTHER/crp.o
                0x00000000000002fc                CRP_WORD
                0x0000000000000300                PROVIDE (__CRP_WORD_END__ = .)
                0x0000000000000001                ASSERT (! ((__CRP_WORD_START__ == __CRP_WORD_END__)), Linker CRP Enabled, but no CRP_WORD provided within application)
 *(.text*)
 .text.CDC_WrOutBuf
                0x0000000000000300       0x2c ./src/USB/cdcuser.o
                0x0000000000000300                CDC_WrOutBuf
 .text.CDC_SendEncapsulatedCommand
                0x000000000000032c        0x4 ./src/USB/cdcuser.o
                0x000000000000032c                CDC_SendEncapsulatedCommand
 .text.CDC_GetEncapsulatedResponse
                0x0000000000000330        0x4 ./src/USB/cdcuser.o
                0x0000000000000330                CDC_GetEncapsulatedResponse
 .text.CDC_SetCommFeature
                0x0000000000000334        0x4 ./src/USB/cdcuser.o
                0x0000000000000334                CDC_SetCommFeature
 .text.CDC_GetCommFeature
                0x0000000000000338        0x4 ./src/USB/cdcuser.o
                0x0000000000000338                CDC_GetCommFeature
 .text.CDC_ClearCommFeature
                0x000000000000033c        0x4 ./src/USB/cdcuser.o
                0x000000000000033c                CDC_ClearCommFeature
 .text.CDC_SetLineCoding
                0x0000000000000340       0x48 ./src/USB/cdcuser.o
                0x0000000000000340                CDC_SetLineCoding
 .text.CDC_GetLineCoding
                0x0000000000000388       0x2c ./src/USB/cdcuser.o
                0x0000000000000388                CDC_GetLineCoding
 .text.CDC_SetControlLineState
                0x00000000000003b4        0x4 ./src/USB/cdcuser.o
                0x00000000000003b4                CDC_SetControlLineState
 .text.CDC_SendBreak
                0x00000000000003b8        0x4 ./src/USB/cdcuser.o
                0x00000000000003b8                CDC_SendBreak
 .text.CDC_BulkIn
                0x00000000000003bc       0x34 ./src/USB/cdcuser.o
                0x00000000000003bc                CDC_BulkIn
 .text.CDC_BulkOut
                0x00000000000003f0       0x24 ./src/USB/cdcuser.o
                0x00000000000003f0                CDC_BulkOut
 .text.CDC_GetSerialState
                0x0000000000000414       0x98 ./src/USB/cdcuser.o
                0x0000000000000414                CDC_GetSerialState
 .text.CDC_NotificationIn
                0x00000000000004ac       0x3c ./src/USB/cdcuser.o
                0x00000000000004ac                CDC_NotificationIn
 .text.USB_ResetCore
                0x00000000000004e8       0x38 ./src/USB/usbcore.o
                0x00000000000004e8                USB_ResetCore
 .text.USB_SetupStage
                0x0000000000000520       0x10 ./src/USB/usbcore.o
                0x0000000000000520                USB_SetupStage
 .text.USB_DataInStage
                0x0000000000000530       0x2c ./src/USB/usbcore.o
                0x0000000000000530                USB_DataInStage
 .text.USB_DataOutStage
                0x000000000000055c       0x20 ./src/USB/usbcore.o
                0x000000000000055c                USB_DataOutStage
 .text.USB_StatusInStage
                0x000000000000057c        0xe ./src/USB/usbcore.o
                0x000000000000057c                USB_StatusInStage
 *fill*         0x000000000000058a        0x2 ff
 .text.USB_StatusOutStage
                0x000000000000058c       0x10 ./src/USB/usbcore.o
                0x000000000000058c                USB_StatusOutStage
 .text.USB_EndPoint0
                0x000000000000059c      0x89c ./src/USB/usbcore.o
                0x000000000000059c                USB_EndPoint0
 .text.USBIOClkConfig
                0x0000000000000e38       0x60 ./src/USB/usbhw.o
                0x0000000000000e38                USBIOClkConfig
 .text.EPAdr    0x0000000000000e98       0x12 ./src/USB/usbhw.o
                0x0000000000000e98                EPAdr
 *fill*         0x0000000000000eaa        0x2 ff
 .text.WrCmd    0x0000000000000eac       0x1c ./src/USB/usbhw.o
                0x0000000000000eac                WrCmd
 .text.WrCmdDat
                0x0000000000000ec8       0x10 ./src/USB/usbhw.o
                0x0000000000000ec8                WrCmdDat
 .text.WrCmdEP  0x0000000000000ed8       0x1a ./src/USB/usbhw.o
                0x0000000000000ed8                WrCmdEP
 *fill*         0x0000000000000ef2        0x2 ff
 .text.RdCmdDat
                0x0000000000000ef4       0x20 ./src/USB/usbhw.o
                0x0000000000000ef4                RdCmdDat
 .text.USB_Reset
                0x0000000000000f14       0x18 ./src/USB/usbhw.o
                0x0000000000000f14                USB_Reset
 .text.USB_WakeUpCfg
                0x0000000000000f2c        0x2 ./src/USB/usbhw.o
                0x0000000000000f2c                USB_WakeUpCfg
 *fill*         0x0000000000000f2e        0x2 ff
 .text.USB_SetAddress
                0x0000000000000f30       0x24 ./src/USB/usbhw.o
                0x0000000000000f30                USB_SetAddress
 .text.USB_Configure
                0x0000000000000f54       0x1c ./src/USB/usbhw.o
                0x0000000000000f54                USB_Configure
 .text.USB_ConfigEP
                0x0000000000000f70        0x2 ./src/USB/usbhw.o
                0x0000000000000f70                USB_ConfigEP
 .text.USB_DirCtrlEP
                0x0000000000000f72        0x2 ./src/USB/usbhw.o
                0x0000000000000f72                USB_DirCtrlEP
 .text.USB_EnableEP
                0x0000000000000f74       0x1a ./src/USB/usbhw.o
                0x0000000000000f74                USB_EnableEP
 *fill*         0x0000000000000f8e        0x2 ff
 .text.USB_DisableEP
                0x0000000000000f90       0x1c ./src/USB/usbhw.o
                0x0000000000000f90                USB_DisableEP
 .text.USB_ResetEP
                0x0000000000000fac       0x1a ./src/USB/usbhw.o
                0x0000000000000fac                USB_ResetEP
 *fill*         0x0000000000000fc6        0x2 ff
 .text.USB_SetStallEP
                0x0000000000000fc8       0x1c ./src/USB/usbhw.o
                0x0000000000000fc8                USB_SetStallEP
 .text.USB_ClrStallEP
                0x0000000000000fe4       0x1a ./src/USB/usbhw.o
                0x0000000000000fe4                USB_ClrStallEP
 *fill*         0x0000000000000ffe        0x2 ff
 .text.USB_ReadEP
                0x0000000000001000       0x4c ./src/USB/usbhw.o
                0x0000000000001000                USB_ReadEP
 .text.USB_WriteEP
                0x000000000000104c       0x44 ./src/USB/usbhw.o
                0x000000000000104c                USB_WriteEP
 .text.USB_IRQHandler
                0x0000000000001090       0xbc ./src/USB/usbhw.o
                0x0000000000001090                USB_IRQHandler
 .text.USB_EndPoint1
                0x000000000000114c       0x24 ./src/USB/usbuser.o
                0x000000000000114c                USB_EndPoint1
 .text.USB_EndPoint3
                0x0000000000001170       0x18 ./src/USB/usbuser.o
                0x0000000000001170                USB_EndPoint3
 .text.USB_Reset_Event
                0x0000000000001188        0x8 ./src/USB/usbuser.o
                0x0000000000001188                USB_Reset_Event
 .text.USB_Suspend_Event
                0x0000000000001190        0x2 ./src/USB/usbuser.o
                0x0000000000001190                USB_Suspend_Event
 .text.USB_Resume_Event
                0x0000000000001192        0x2 ./src/USB/usbuser.o
                0x0000000000001192                USB_Resume_Event
 .text.USB_Configure_Event
                0x0000000000001194        0x2 ./src/USB/usbuser.o
                0x0000000000001194                USB_Configure_Event
 *fill*         0x0000000000001196        0x2 ff
 .text.initSystemTickTimer
                0x0000000000001198       0x24 ./src/PERIPHERAL/SystemTickTimer.o
 .text.wait1msec
                0x00000000000011bc       0x40 ./src/PERIPHERAL/SystemTickTimer.o
                0x00000000000011bc                wait1msec
 .text.SysTick_Handler
                0x00000000000011fc       0x1c ./src/PERIPHERAL/SystemTickTimer.o
                0x00000000000011fc                SysTick_Handler
 .text.Init_ad  0x0000000000001218       0xf8 ./src/PERIPHERAL/ad.o
                0x0000000000001218                Init_ad
 .text.storeAD2Array
                0x0000000000001310       0x6c ./src/PERIPHERAL/ad.o
                0x0000000000001310                storeAD2Array
 .text.myPrintfUSB
                0x000000000000137c       0x3a ./src/PERIPHERAL/debug.o
                0x000000000000137c                myPrintfUSB
 *fill*         0x00000000000013b6        0x2 ff
 .text.myPrintfUART
                0x00000000000013b8       0x30 ./src/PERIPHERAL/debug.o
                0x00000000000013b8                myPrintfUART
 .text.I2C_IRQHandler
                0x00000000000013e8      0x24c ./src/PERIPHERAL/i2c.o
                0x00000000000013e8                I2C_IRQHandler
 .text.I2CStart
                0x0000000000001634       0x2c ./src/PERIPHERAL/i2c.o
                0x0000000000001634                I2CStart
 .text.I2CStop  0x0000000000001660       0x1c ./src/PERIPHERAL/i2c.o
                0x0000000000001660                I2CStop
 .text.I2CInit  0x000000000000167c       0x70 ./src/PERIPHERAL/i2c.o
                0x000000000000167c                I2CInit
 .text.I2CEngine
                0x00000000000016ec       0x38 ./src/PERIPHERAL/i2c.o
                0x00000000000016ec                I2CEngine
 .text.initIO   0x0000000000001724       0x6c ./src/PERIPHERAL/io.o
                0x0000000000001724                initIO
 .text.Init_PWM2
                0x0000000000001790       0x40 ./src/PERIPHERAL/pwm.o
                0x0000000000001790                Init_PWM2
 .text.setDutyPWM2
                0x00000000000017d0       0x2c ./src/PERIPHERAL/pwm.o
                0x00000000000017d0                setDutyPWM2
 .text.SSP_IRQHandler
                0x00000000000017fc       0x4c ./src/PERIPHERAL/ssp.o
                0x00000000000017fc                SSP_IRQHandler
 .text.initTimer32_0
                0x0000000000001848       0x40 ./src/PERIPHERAL/timer.o
                0x0000000000001848                initTimer32_0
 .text.startTimer32_0
                0x0000000000001888        0xc ./src/PERIPHERAL/timer.o
                0x0000000000001888                startTimer32_0
 .text.initTimer32_1
                0x0000000000001894       0x40 ./src/PERIPHERAL/timer.o
                0x0000000000001894                initTimer32_1
 .text.startTimer32_1
                0x00000000000018d4        0xc ./src/PERIPHERAL/timer.o
                0x00000000000018d4                startTimer32_1
 .text.UART_IRQHandler
                0x00000000000018e0       0xb0 ./src/PERIPHERAL/uart.o
                0x00000000000018e0                UART_IRQHandler
 .text.UARTInit
                0x0000000000001990       0xd4 ./src/PERIPHERAL/uart.o
                0x0000000000001990                UARTInit
 .text.UARTSend
                0x0000000000001a64       0x2c ./src/PERIPHERAL/uart.o
                0x0000000000001a64                UARTSend
 .text.VCOM_SendData
                0x0000000000001a90       0x34 ./src/PERIPHERAL/usbTransmission.o
                0x0000000000001a90                VCOM_SendData
 .text.VCOM_CheckState
                0x0000000000001ac4       0x20 ./src/PERIPHERAL/usbTransmission.o
                0x0000000000001ac4                VCOM_CheckState
 .text.isUSBConfig
                0x0000000000001ae4        0xc ./src/PERIPHERAL/usbTransmission.o
                0x0000000000001ae4                isUSBConfig
 .text.ser_OpenPort
                0x0000000000001af0       0x5c ./src/OTHER/serial.o
                0x0000000000001af0                ser_OpenPort
 .text.ser_ClosePort
                0x0000000000001b4c       0x38 ./src/OTHER/serial.o
                0x0000000000001b4c                ser_ClosePort
 .text.ser_InitPort
                0x0000000000001b84       0xc8 ./src/OTHER/serial.o
                0x0000000000001b84                ser_InitPort
 .text.ser_Read
                0x0000000000001c4c       0x3c ./src/OTHER/serial.o
                0x0000000000001c4c                ser_Read
 .text.ser_AvailChar
                0x0000000000001c88       0x18 ./src/OTHER/serial.o
                0x0000000000001c88                ser_AvailChar
 .text.ser_LineState
                0x0000000000001ca0       0x10 ./src/OTHER/serial.o
                0x0000000000001ca0                ser_LineState
 .text.modeSelectInfo
                0x0000000000001cb0       0xd8 ./src/MODE/modeSelect.o
 .text.modeSelect
                0x0000000000001d88      0x108 ./src/MODE/modeSelect.o
                0x0000000000001d88                modeSelect
 .text.mode_BluetoothSetting
                0x0000000000001e90       0x9c ./src/MODE/mode_BluetoothSetting.o
                0x0000000000001e90                mode_BluetoothSetting
 .text.mode_controlRun
                0x0000000000001f2c       0x98 ./src/MODE/mode_controlRun.o
                0x0000000000001f2c                mode_controlRun
 .text.mode_debug
                0x0000000000001fc4       0x5c ./src/MODE/mode_debug.o
                0x0000000000001fc4                mode_debug
 .text.mode_dutyMax
                0x0000000000002020       0x9c ./src/MODE/mode_dutyMax.o
                0x0000000000002020                mode_dutyMax
 *fill*         0x00000000000020bc        0x4 ff
 .text.mode_selectDuty
                0x00000000000020c0       0xf4 ./src/MODE/mode_selectDuty.o
                0x00000000000020c0                mode_selectDuty
 .text.moterEnable
                0x00000000000021b4       0x2c ./src/AICHIP/AICHIPFunction.o
 .text.setRotationDir
                0x00000000000021e0       0x28 ./src/AICHIP/AICHIPFunction.o
 .text.initAICHIP
                0x0000000000002208        0x8 ./src/AICHIP/AICHIPFunction.o
                0x0000000000002208                initAICHIP
 .text.setSendDataEnable
                0x0000000000002210        0xc ./src/AICHIP/AICHIPFunction.o
                0x0000000000002210                setSendDataEnable
 .text.setDutyMotor
                0x000000000000221c       0x9c ./src/AICHIP/AICHIPFunction.o
                0x000000000000221c                setDutyMotor
 .text.getDutyMotor
                0x00000000000022b8        0xc ./src/AICHIP/AICHIPFunction.o
                0x00000000000022b8                getDutyMotor
 .text.getDegree
                0x00000000000022c4       0x20 ./src/AICHIP/AICHIPFunction.o
                0x00000000000022c4                getDegree
 .text.setDegree
                0x00000000000022e4        0xc ./src/AICHIP/AICHIPFunction.o
                0x00000000000022e4                setDegree
 .text.execCommand
                0x00000000000022f0       0xb4 ./src/AICHIP/AICHIPFunction.o
 .text.execUARTCommand
                0x00000000000023a4       0xb8 ./src/AICHIP/AICHIPFunction.o
 .text.isStop   0x000000000000245c        0xc ./src/AICHIP/AICHIPFunction.o
                0x000000000000245c                isStop
 .text.isCurve  0x0000000000002468        0xc ./src/AICHIP/AICHIPFunction.o
                0x0000000000002468                isCurve
 .text.isSlope  0x0000000000002474        0xc ./src/AICHIP/AICHIPFunction.o
                0x0000000000002474                isSlope
 .text.TIMER32_1_IRQHandler
                0x0000000000002480      0x4a8 ./src/AICHIP/AICHIPFunction.o
                0x0000000000002480                TIMER32_1_IRQHandler
 .text.debugAICHIP
                0x0000000000002928       0x6c ./src/AICHIP/AICHIPFunction.o
                0x0000000000002928                debugAICHIP
 .text.write1byteEEPROM
                0x0000000000002994       0x38 ./src/AICHIP/EEPROM_24LC16BT_I.o
                0x0000000000002994                write1byteEEPROM
 .text.writeNbyteEEPROM
                0x00000000000029cc       0x2a ./src/AICHIP/EEPROM_24LC16BT_I.o
                0x00000000000029cc                writeNbyteEEPROM
 *fill*         0x00000000000029f6        0x2 ff
 .text.readNbyteEEPROM
                0x00000000000029f8       0x54 ./src/AICHIP/EEPROM_24LC16BT_I.o
                0x00000000000029f8                readNbyteEEPROM
 .text.setStateGreenLED
                0x0000000000002a4c       0x28 ./src/AICHIP/UserInterface.o
 .text.setStateRedLED
                0x0000000000002a74       0x28 ./src/AICHIP/UserInterface.o
 .text.initUI   0x0000000000002a9c        0x8 ./src/AICHIP/UserInterface.o
                0x0000000000002a9c                initUI
 .text.getStateLeftSW
                0x0000000000002aa4       0x14 ./src/AICHIP/UserInterface.o
                0x0000000000002aa4                getStateLeftSW
 .text.getStateRightSW
                0x0000000000002ab8       0x14 ./src/AICHIP/UserInterface.o
                0x0000000000002ab8                getStateRightSW
 .text.getLeftSWcount
                0x0000000000002acc        0xc ./src/AICHIP/UserInterface.o
                0x0000000000002acc                getLeftSWcount
 .text.getRightSWcount
                0x0000000000002ad8        0xc ./src/AICHIP/UserInterface.o
                0x0000000000002ad8                getRightSWcount
 .text.getElapsedTime
                0x0000000000002ae4        0xc ./src/AICHIP/UserInterface.o
                0x0000000000002ae4                getElapsedTime
 .text.resetElapsedTime
                0x0000000000002af0        0xc ./src/AICHIP/UserInterface.o
                0x0000000000002af0                resetElapsedTime
 .text.turnRedLED
                0x0000000000002afc       0x14 ./src/AICHIP/UserInterface.o
                0x0000000000002afc                turnRedLED
 .text.turnGreenLED
                0x0000000000002b10       0x14 ./src/AICHIP/UserInterface.o
                0x0000000000002b10                turnGreenLED
 .text.flashGreenLED
                0x0000000000002b24       0x1c ./src/AICHIP/UserInterface.o
                0x0000000000002b24                flashGreenLED
 .text.flashRedLED
                0x0000000000002b40       0x1c ./src/AICHIP/UserInterface.o
                0x0000000000002b40                flashRedLED
 .text.getLipoVoltage
                0x0000000000002b5c        0xc ./src/AICHIP/UserInterface.o
                0x0000000000002b5c                getLipoVoltage
 .text.getMotorVoltage
                0x0000000000002b68        0xc ./src/AICHIP/UserInterface.o
                0x0000000000002b68                getMotorVoltage
 .text.TIMER32_0_IRQHandler
                0x0000000000002b74      0x188 ./src/AICHIP/UserInterface.o
                0x0000000000002b74                TIMER32_0_IRQHandler
 .text.debugUI  0x0000000000002cfc       0x8c ./src/AICHIP/UserInterface.o
                0x0000000000002cfc                debugUI
 .text.init     0x0000000000002d88       0x6a ./src/AICHIP/main.o
                0x0000000000002d88                init
 .text.main     0x0000000000002df2       0x78 ./src/AICHIP/main.o
                0x0000000000002df2                main
 *fill*         0x0000000000002e6a        0x2 ff
 .text.initMPU9250
                0x0000000000002e6c       0xc8 ./src/AICHIP/mpu9250.o
                0x0000000000002e6c                initMPU9250
 .text.initAK8963
                0x0000000000002f34       0xd0 ./src/AICHIP/mpu9250.o
                0x0000000000002f34                initAK8963
 .text.getDataFromMPU9250
                0x0000000000003004       0x28 ./src/AICHIP/mpu9250.o
                0x0000000000003004                getDataFromMPU9250
 .text.getDataFromAK8963
                0x000000000000302c       0x28 ./src/AICHIP/mpu9250.o
                0x000000000000302c                getDataFromAK8963
 .text.getOmega
                0x0000000000003054       0x1c ./src/AICHIP/mpu9250.o
                0x0000000000003054                getOmega
 .text.getAcc   0x0000000000003070       0x1c ./src/AICHIP/mpu9250.o
                0x0000000000003070                getAcc
 .text.debugMPU9250
                0x000000000000308c      0x24c ./src/AICHIP/mpu9250.o
                0x000000000000308c                debugMPU9250
 .text.writeEEPROMOffsetOmegaInt
                0x00000000000032d8       0x10 ./src/AICHIP/mpu9250.o
                0x00000000000032d8                writeEEPROMOffsetOmegaInt
 .text.readEEPROMOffsetAccInt
                0x00000000000032e8       0x10 ./src/AICHIP/mpu9250.o
                0x00000000000032e8                readEEPROMOffsetAccInt
 .text.readEEPROMOffsetOmegaInt
                0x00000000000032f8       0x10 ./src/AICHIP/mpu9250.o
                0x00000000000032f8                readEEPROMOffsetOmegaInt
 .text.readEEPROMOffsetMagInt
                0x0000000000003308       0x10 ./src/AICHIP/mpu9250.o
                0x0000000000003308                readEEPROMOffsetMagInt
 .text.initOffsetByEEPROM
                0x0000000000003318       0x24 ./src/AICHIP/mpu9250.o
                0x0000000000003318                initOffsetByEEPROM
 .text.concatenate2Byte_int
                0x000000000000333c       0x12 ./src/AICHIP/mpu9250.o
                0x000000000000333c                concatenate2Byte_int
 *fill*         0x000000000000334e        0x2 ff
 .text.updateMPU9250Data
                0x0000000000003350      0x4b0 ./src/AICHIP/mpu9250.o
                0x0000000000003350                updateMPU9250Data
 .text.calibOmegaOffset
                0x0000000000003800      0x13c ./src/AICHIP/mpu9250.o
                0x0000000000003800                calibOmegaOffset
 *fill*         0x000000000000393c        0x4 ff
 .text.updateAK8963Data
                0x0000000000003940      0x208 ./src/AICHIP/mpu9250.o
                0x0000000000003940                updateAK8963Data
 .text.getOmegaStrLPF
                0x0000000000003b48       0x1c ./src/AICHIP/mpu9250.o
                0x0000000000003b48                getOmegaStrLPF
 .text.tSqrt    0x0000000000003b64       0x98 ./src/AICHIP/tinyMathFunctions.o
                0x0000000000003b64                tSqrt
 .text.quickSort
                0x0000000000003bfc       0x6c ./src/AICHIP/tinyMathFunctions.o
                0x0000000000003bfc                quickSort
 .text.__NOP    0x0000000000003c68        0xe /home/kentaro/git/AIchipV3/sample_soft/CMSISv1p30_LPC13xx/Debug/libCMSISv1p30_LPC13xx.a(system_LPC13xx.o)
 *fill*         0x0000000000003c76        0x2 ff
 .text.SystemInit
                0x0000000000003c78      0x124 /home/kentaro/git/AIchipV3/sample_soft/CMSISv1p30_LPC13xx/Debug/libCMSISv1p30_LPC13xx.a(system_LPC13xx.o)
                0x0000000000003c78                SystemInit
 .text.__main   0x0000000000003d9c        0xe /usr/local/mcuxpressoide-10.3.1_2233/ide/plugins/com.nxp.mcuxpresso.tools.linux_10.3.0.201811011841/tools/bin/../lib/gcc/arm-none-eabi/7.3.1/../../../../arm-none-eabi/lib/thumb/v7-m/libcr_semihost.a(_cr__main.o)
                0x0000000000003d9c                __main
                0x0000000000003d9c                __CR_SEMIHOST
 .text.memcpy   0x0000000000003daa        0x4 /usr/local/mcuxpressoide-10.3.1_2233/ide/plugins/com.nxp.mcuxpresso.tools.linux_10.3.0.201811011841/tools/bin/../lib/gcc/arm-none-eabi/7.3.1/../../../../arm-none-eabi/lib/thumb/v7-m/libcr_c.a(memcpy.o)
                0x0000000000003daa                memcpy
 .text.fp_round
                0x0000000000003dae       0x4c /usr/local/mcuxpressoide-10.3.1_2233/ide/plugins/com.nxp.mcuxpresso.tools.linux_10.3.0.201811011841/tools/bin/../lib/gcc/arm-none-eabi/7.3.1/../../../../arm-none-eabi/lib/thumb/v7-m/libcr_c.a(fpprintf.o)
 .text.pr_dec.constprop.1
                0x0000000000003dfa       0x26 /usr/local/mcuxpressoide-10.3.1_2233/ide/plugins/com.nxp.mcuxpresso.tools.linux_10.3.0.201811011841/tools/bin/../lib/gcc/arm-none-eabi/7.3.1/../../../../arm-none-eabi/lib/thumb/v7-m/libcr_c.a(fpprintf.o)
 .text.sprintf  0x0000000000003e20       0x6c /usr/local/mcuxpressoide-10.3.1_2233/ide/plugins/com.nxp.mcuxpresso.tools.linux_10.3.0.201811011841/tools/bin/../lib/gcc/arm-none-eabi/7.3.1/../../../../arm-none-eabi/lib/thumb/v7-m/libcr_c.a(fpprintf.o)
                0x0000000000003e20                sprintf
 *fill*         0x0000000000003e8c        0x4 ff
 .text.fp_display
                0x0000000000003e90      0x96c /usr/local/mcuxpressoide-10.3.1_2233/ide/plugins/com.nxp.mcuxpresso.tools.linux_10.3.0.201811011841/tools/bin/../lib/gcc/arm-none-eabi/7.3.1/../../../../arm-none-eabi/lib/thumb/v7-m/libcr_c.a(fpprintf.o)
 .text.vsprintf
                0x00000000000047fc       0x5c /usr/local/mcuxpressoide-10.3.1_2233/ide/plugins/com.nxp.mcuxpresso.tools.linux_10.3.0.201811011841/tools/bin/../lib/gcc/arm-none-eabi/7.3.1/../../../../arm-none-eabi/lib/thumb/v7-m/libcr_c.a(fpprintf.o)
                0x00000000000047fc                vsprintf
 .text._initio  0x0000000000004858       0x78 /usr/local/mcuxpressoide-10.3.1_2233/ide/plugins/com.nxp.mcuxpresso.tools.linux_10.3.0.201811011841/tools/bin/../lib/gcc/arm-none-eabi/7.3.1/../../../../arm-none-eabi/lib/thumb/v7-m/libcr_c.a(initio.o)
                0x0000000000004858                _initio
 .text.__vfprintf
                0x00000000000048d0      0xb8c /usr/local/mcuxpressoide-10.3.1_2233/ide/plugins/com.nxp.mcuxpresso.tools.linux_10.3.0.201811011841/tools/bin/../lib/gcc/arm-none-eabi/7.3.1/../../../../arm-none-eabi/lib/thumb/v7-m/libcr_c.a(printf.o)
                0x00000000000048d0                __vfprintf
 .text.setvbuf  0x000000000000545c       0x40 /usr/local/mcuxpressoide-10.3.1_2233/ide/plugins/com.nxp.mcuxpresso.tools.linux_10.3.0.201811011841/tools/bin/../lib/gcc/arm-none-eabi/7.3.1/../../../../arm-none-eabi/lib/thumb/v7-m/libcr_c.a(setvbuf.o)
                0x000000000000545c                setvbuf
 .text.strlen   0x000000000000549c       0x4a /usr/local/mcuxpressoide-10.3.1_2233/ide/plugins/com.nxp.mcuxpresso.tools.linux_10.3.0.201811011841/tools/bin/../lib/gcc/arm-none-eabi/7.3.1/../../../../arm-none-eabi/lib/thumb/v7-m/libcr_c.a(strlen.o)
                0x000000000000549c                strlen
 .text.memset   0x00000000000054e6        0x4 /usr/local/mcuxpressoide-10.3.1_2233/ide/plugins/com.nxp.mcuxpresso.tools.linux_10.3.0.201811011841/tools/bin/../lib/gcc/arm-none-eabi/7.3.1/../../../../arm-none-eabi/lib/thumb/v7-m/libcr_c.a(memset.o)
                0x00000000000054e6                memset
 .text._deferredlazyseek
                0x00000000000054ea       0x40 /usr/local/mcuxpressoide-10.3.1_2233/ide/plugins/com.nxp.mcuxpresso.tools.linux_10.3.0.201811011841/tools/bin/../lib/gcc/arm-none-eabi/7.3.1/../../../../arm-none-eabi/lib/thumb/v7-m/libcr_c.a(_deferredlazyseek.o)
                0x00000000000054ea                _deferredlazyseek
 .text.__flsbuf
                0x000000000000552a      0x140 /usr/local/mcuxpressoide-10.3.1_2233/ide/plugins/com.nxp.mcuxpresso.tools.linux_10.3.0.201811011841/tools/bin/../lib/gcc/arm-none-eabi/7.3.1/../../../../arm-none-eabi/lib/thumb/v7-m/libcr_c.a(_deferredlazyseek.o)
                0x000000000000552a                __flsbuf
 .text._fdopen  0x000000000000566a       0x68 /usr/local/mcuxpressoide-10.3.1_2233/ide/plugins/com.nxp.mcuxpresso.tools.linux_10.3.0.201811011841/tools/bin/../lib/gcc/arm-none-eabi/7.3.1/../../../../arm-none-eabi/lib/thumb/v7-m/libcr_c.a(_fdopen.o)
                0x000000000000566a                _fdopen
 .text._fflush  0x00000000000056d2       0x52 /usr/local/mcuxpressoide-10.3.1_2233/ide/plugins/com.nxp.mcuxpresso.tools.linux_10.3.0.201811011841/tools/bin/../lib/gcc/arm-none-eabi/7.3.1/../../../../arm-none-eabi/lib/thumb/v7-m/libcr_c.a(_fflush.o)
                0x00000000000056d2                _fflush
 .text._frexpl  0x0000000000005724       0x56 /usr/local/mcuxpressoide-10.3.1_2233/ide/plugins/com.nxp.mcuxpresso.tools.linux_10.3.0.201811011841/tools/bin/../lib/gcc/arm-none-eabi/7.3.1/../../../../arm-none-eabi/lib/thumb/v7-m/libcr_c.a(_frexpl.o)
                0x0000000000005724                _frexpl
 *fill*         0x000000000000577a        0x2 ff
 .text._ldexpl  0x000000000000577c       0x4c /usr/local/mcuxpressoide-10.3.1_2233/ide/plugins/com.nxp.mcuxpresso.tools.linux_10.3.0.201811011841/tools/bin/../lib/gcc/arm-none-eabi/7.3.1/../../../../arm-none-eabi/lib/thumb/v7-m/libcr_c.a(_ldexpl.o)
                0x000000000000577c                _ldexpl
 .text._Cwritebuf
                0x00000000000057c8       0x6c /usr/local/mcuxpressoide-10.3.1_2233/ide/plugins/com.nxp.mcuxpresso.tools.linux_10.3.0.201811011841/tools/bin/../lib/gcc/arm-none-eabi/7.3.1/../../../../arm-none-eabi/lib/thumb/v7-m/libcr_c.a(_writebuf.o)
                0x00000000000057c8                _Cwritebuf
 .text.malloc   0x0000000000005834       0xc8 /usr/local/mcuxpressoide-10.3.1_2233/ide/plugins/com.nxp.mcuxpresso.tools.linux_10.3.0.201811011841/tools/bin/../lib/gcc/arm-none-eabi/7.3.1/../../../../arm-none-eabi/lib/thumb/v7-m/libcr_c.a(alloc.o)
                0x0000000000005834                malloc
 .text.free     0x00000000000058fc       0x30 /usr/local/mcuxpressoide-10.3.1_2233/ide/plugins/com.nxp.mcuxpresso.tools.linux_10.3.0.201811011841/tools/bin/../lib/gcc/arm-none-eabi/7.3.1/../../../../arm-none-eabi/lib/thumb/v7-m/libcr_c.a(alloc.o)
                0x00000000000058fc                free
 .text._Csys_alloc
                0x000000000000592c       0x20 /usr/local/mcuxpressoide-10.3.1_2233/ide/plugins/com.nxp.mcuxpresso.tools.linux_10.3.0.201811011841/tools/bin/../lib/gcc/arm-none-eabi/7.3.1/../../../../arm-none-eabi/lib/thumb/v7-m/libcr_c.a(alloc.o)
                0x000000000000592c                _Csys_alloc
 .text.fclose   0x000000000000594c       0x58 /usr/local/mcuxpressoide-10.3.1_2233/ide/plugins/com.nxp.mcuxpresso.tools.linux_10.3.0.201811011841/tools/bin/../lib/gcc/arm-none-eabi/7.3.1/../../../../arm-none-eabi/lib/thumb/v7-m/libcr_c.a(fclose.o)
                0x000000000000594c                fclose
 .text.fflush   0x00000000000059a4       0x44 /usr/local/mcuxpressoide-10.3.1_2233/ide/plugins/com.nxp.mcuxpresso.tools.linux_10.3.0.201811011841/tools/bin/../lib/gcc/arm-none-eabi/7.3.1/../../../../arm-none-eabi/lib/thumb/v7-m/libcr_c.a(fflush.o)
                0x00000000000059a4                fflush
 .text.fseek    0x00000000000059e8      0x100 /usr/local/mcuxpressoide-10.3.1_2233/ide/plugins/com.nxp.mcuxpresso.tools.linux_10.3.0.201811011841/tools/bin/../lib/gcc/arm-none-eabi/7.3.1/../../../../arm-none-eabi/lib/thumb/v7-m/libcr_c.a(fseek.o)
                0x00000000000059e8                fseek
 .text.ftell    0x0000000000005ae8       0x44 /usr/local/mcuxpressoide-10.3.1_2233/ide/plugins/com.nxp.mcuxpresso.tools.linux_10.3.0.201811011841/tools/bin/../lib/gcc/arm-none-eabi/7.3.1/../../../../arm-none-eabi/lib/thumb/v7-m/libcr_c.a(ftell.o)
                0x0000000000005ae8                ftell
 .text.remove   0x0000000000005b2c       0x14 /usr/local/mcuxpressoide-10.3.1_2233/ide/plugins/com.nxp.mcuxpresso.tools.linux_10.3.0.201811011841/tools/bin/../lib/gcc/arm-none-eabi/7.3.1/../../../../arm-none-eabi/lib/thumb/v7-m/libcr_c.a(remove.o)
                0x0000000000005b2c                remove
 .text._sbrk    0x0000000000005b40       0x3c /usr/local/mcuxpressoide-10.3.1_2233/ide/plugins/com.nxp.mcuxpresso.tools.linux_10.3.0.201811011841/tools/bin/../lib/gcc/arm-none-eabi/7.3.1/../../../../arm-none-eabi/lib/thumb/v7-m/libcr_c.a(_cr_sbrk.o)
                0x0000000000005b40                _sbrk
 .text._do_fflush
                0x0000000000005b7c       0x40 /usr/local/mcuxpressoide-10.3.1_2233/ide/plugins/com.nxp.mcuxpresso.tools.linux_10.3.0.201811011841/tools/bin/../lib/gcc/arm-none-eabi/7.3.1/../../../../arm-none-eabi/lib/thumb/v7-m/libcr_c.a(_do_fflush.o)
                0x0000000000005b7c                _do_fflush
 .text.__check_heap_overflow
                0x0000000000005bbc       0x18 /usr/local/mcuxpressoide-10.3.1_2233/ide/plugins/com.nxp.mcuxpresso.tools.linux_10.3.0.201811011841/tools/bin/../lib/gcc/arm-none-eabi/7.3.1/../../../../arm-none-eabi/lib/thumb/v7-m/libcr_c.a(_cr_check_heap.o)
                0x0000000000005bbc                __check_heap_overflow
 .text.__aeabi_dmul
                0x0000000000005bd4      0x10c /usr/local/mcuxpressoide-10.3.1_2233/ide/plugins/com.nxp.mcuxpresso.tools.linux_10.3.0.201811011841/tools/bin/../lib/gcc/arm-none-eabi/7.3.1/thumb/v7-m/libcr_eabihelpers.a(double.o)
                0x0000000000005bd4                __aeabi_dmul
 .text.__aeabi_ddiv
                0x0000000000005ce0      0x130 /usr/local/mcuxpressoide-10.3.1_2233/ide/plugins/com.nxp.mcuxpresso.tools.linux_10.3.0.201811011841/tools/bin/../lib/gcc/arm-none-eabi/7.3.1/thumb/v7-m/libcr_eabihelpers.a(double.o)
                0x0000000000005ce0                __aeabi_ddiv
 .text.__aeabi_dsub
                0x0000000000005e10      0x1b0 /usr/local/mcuxpressoide-10.3.1_2233/ide/plugins/com.nxp.mcuxpresso.tools.linux_10.3.0.201811011841/tools/bin/../lib/gcc/arm-none-eabi/7.3.1/thumb/v7-m/libcr_eabihelpers.a(double.o)
                0x0000000000005e10                __aeabi_dsub
 .text.__aeabi_dadd
                0x0000000000005fc0      0x10c /usr/local/mcuxpressoide-10.3.1_2233/ide/plugins/com.nxp.mcuxpresso.tools.linux_10.3.0.201811011841/tools/bin/../lib/gcc/arm-none-eabi/7.3.1/thumb/v7-m/libcr_eabihelpers.a(double.o)
                0x0000000000005fc0                __aeabi_dadd
 .text.__aeabi_d2f
                0x00000000000060cc       0x54 /usr/local/mcuxpressoide-10.3.1_2233/ide/plugins/com.nxp.mcuxpresso.tools.linux_10.3.0.201811011841/tools/bin/../lib/gcc/arm-none-eabi/7.3.1/thumb/v7-m/libcr_eabihelpers.a(double.o)
                0x00000000000060cc                __aeabi_d2f
 .text.__aeabi_d2iz
                0x0000000000006120       0x40 /usr/local/mcuxpressoide-10.3.1_2233/ide/plugins/com.nxp.mcuxpresso.tools.linux_10.3.0.201811011841/tools/bin/../lib/gcc/arm-none-eabi/7.3.1/thumb/v7-m/libcr_eabihelpers.a(double.o)
                0x0000000000006120                __aeabi_d2iz
 .text.__aeabi_d2uiz
                0x0000000000006160       0x30 /usr/local/mcuxpressoide-10.3.1_2233/ide/plugins/com.nxp.mcuxpresso.tools.linux_10.3.0.201811011841/tools/bin/../lib/gcc/arm-none-eabi/7.3.1/thumb/v7-m/libcr_eabihelpers.a(double.o)
                0x0000000000006160                __aeabi_d2uiz
 .text.__bhs_ui2d
                0x0000000000006190       0x46 /usr/local/mcuxpressoide-10.3.1_2233/ide/plugins/com.nxp.mcuxpresso.tools.linux_10.3.0.201811011841/tools/bin/../lib/gcc/arm-none-eabi/7.3.1/thumb/v7-m/libcr_eabihelpers.a(double.o)
                0x0000000000006190                __bhs_ui2d
 .text.__aeabi_i2d
                0x00000000000061d6       0x12 /usr/local/mcuxpressoide-10.3.1_2233/ide/plugins/com.nxp.mcuxpresso.tools.linux_10.3.0.201811011841/tools/bin/../lib/gcc/arm-none-eabi/7.3.1/thumb/v7-m/libcr_eabihelpers.a(double.o)
                0x00000000000061d6                __aeabi_i2d
 .text.__aeabi_dcmpeq
                0x00000000000061e8       0x2c /usr/local/mcuxpressoide-10.3.1_2233/ide/plugins/com.nxp.mcuxpresso.tools.linux_10.3.0.201811011841/tools/bin/../lib/gcc/arm-none-eabi/7.3.1/thumb/v7-m/libcr_eabihelpers.a(double.o)
                0x00000000000061e8                __aeabi_dcmpeq
 .text.__aeabi_dcmplt
                0x0000000000006214       0x54 /usr/local/mcuxpressoide-10.3.1_2233/ide/plugins/com.nxp.mcuxpresso.tools.linux_10.3.0.201811011841/tools/bin/../lib/gcc/arm-none-eabi/7.3.1/thumb/v7-m/libcr_eabihelpers.a(double.o)
                0x0000000000006214                __aeabi_dcmplt
 .text.__aeabi_dcmpgt
                0x0000000000006268       0x54 /usr/local/mcuxpressoide-10.3.1_2233/ide/plugins/com.nxp.mcuxpresso.tools.linux_10.3.0.201811011841/tools/bin/../lib/gcc/arm-none-eabi/7.3.1/thumb/v7-m/libcr_eabihelpers.a(double.o)
                0x0000000000006268                __aeabi_dcmpgt
 .text.__aeabi_dcmple
                0x00000000000062bc       0x54 /usr/local/mcuxpressoide-10.3.1_2233/ide/plugins/com.nxp.mcuxpresso.tools.linux_10.3.0.201811011841/tools/bin/../lib/gcc/arm-none-eabi/7.3.1/thumb/v7-m/libcr_eabihelpers.a(double.o)
                0x00000000000062bc                __aeabi_dcmple
 .text.__aeabi_dcmpge
                0x0000000000006310       0x54 /usr/local/mcuxpressoide-10.3.1_2233/ide/plugins/com.nxp.mcuxpresso.tools.linux_10.3.0.201811011841/tools/bin/../lib/gcc/arm-none-eabi/7.3.1/thumb/v7-m/libcr_eabihelpers.a(double.o)
                0x0000000000006310                __aeabi_dcmpge
 .text.__aeabi_fmul
                0x0000000000006364       0xb0 /usr/local/mcuxpressoide-10.3.1_2233/ide/plugins/com.nxp.mcuxpresso.tools.linux_10.3.0.201811011841/tools/bin/../lib/gcc/arm-none-eabi/7.3.1/thumb/v7-m/libcr_eabihelpers.a(float.o)
                0x0000000000006364                __aeabi_fmul
 .text.__aeabi_fdiv
                0x0000000000006414       0xb8 /usr/local/mcuxpressoide-10.3.1_2233/ide/plugins/com.nxp.mcuxpresso.tools.linux_10.3.0.201811011841/tools/bin/../lib/gcc/arm-none-eabi/7.3.1/thumb/v7-m/libcr_eabihelpers.a(float.o)
                0x0000000000006414                __aeabi_fdiv
 .text.__aeabi_fsub
                0x00000000000064cc       0xe0 /usr/local/mcuxpressoide-10.3.1_2233/ide/plugins/com.nxp.mcuxpresso.tools.linux_10.3.0.201811011841/tools/bin/../lib/gcc/arm-none-eabi/7.3.1/thumb/v7-m/libcr_eabihelpers.a(float.o)
                0x00000000000064cc                __aeabi_fsub
 .text.__aeabi_fadd
                0x00000000000065ac       0xb0 /usr/local/mcuxpressoide-10.3.1_2233/ide/plugins/com.nxp.mcuxpresso.tools.linux_10.3.0.201811011841/tools/bin/../lib/gcc/arm-none-eabi/7.3.1/thumb/v7-m/libcr_eabihelpers.a(float.o)
                0x00000000000065ac                __aeabi_fadd
 .text.__aeabi_f2uiz
                0x000000000000665c       0x28 /usr/local/mcuxpressoide-10.3.1_2233/ide/plugins/com.nxp.mcuxpresso.tools.linux_10.3.0.201811011841/tools/bin/../lib/gcc/arm-none-eabi/7.3.1/thumb/v7-m/libcr_eabihelpers.a(float.o)
                0x000000000000665c                __aeabi_f2uiz
 .text.__bhs_ui2f
                0x0000000000006684       0x26 /usr/local/mcuxpressoide-10.3.1_2233/ide/plugins/com.nxp.mcuxpresso.tools.linux_10.3.0.201811011841/tools/bin/../lib/gcc/arm-none-eabi/7.3.1/thumb/v7-m/libcr_eabihelpers.a(float.o)
                0x0000000000006684                __bhs_ui2f
 .text.__aeabi_i2f
                0x00000000000066aa       0x12 /usr/local/mcuxpressoide-10.3.1_2233/ide/plugins/com.nxp.mcuxpresso.tools.linux_10.3.0.201811011841/tools/bin/../lib/gcc/arm-none-eabi/7.3.1/thumb/v7-m/libcr_eabihelpers.a(float.o)
                0x00000000000066aa                __aeabi_i2f
 .text.__aeabi_f2d
                0x00000000000066bc       0x38 /usr/local/mcuxpressoide-10.3.1_2233/ide/plugins/com.nxp.mcuxpresso.tools.linux_10.3.0.201811011841/tools/bin/../lib/gcc/arm-none-eabi/7.3.1/thumb/v7-m/libcr_eabihelpers.a(float.o)
                0x00000000000066bc                __aeabi_f2d
 .text.__aeabi_fcmpeq
                0x00000000000066f4       0x1e /usr/local/mcuxpressoide-10.3.1_2233/ide/plugins/com.nxp.mcuxpresso.tools.linux_10.3.0.201811011841/tools/bin/../lib/gcc/arm-none-eabi/7.3.1/thumb/v7-m/libcr_eabihelpers.a(float.o)
                0x00000000000066f4                __aeabi_fcmpeq
 .text.__aeabi_fcmplt
                0x0000000000006712       0x3a /usr/local/mcuxpressoide-10.3.1_2233/ide/plugins/com.nxp.mcuxpresso.tools.linux_10.3.0.201811011841/tools/bin/../lib/gcc/arm-none-eabi/7.3.1/thumb/v7-m/libcr_eabihelpers.a(float.o)
                0x0000000000006712                __aeabi_fcmplt
 .text.__aeabi_fcmpgt
                0x000000000000674c       0x3a /usr/local/mcuxpressoide-10.3.1_2233/ide/plugins/com.nxp.mcuxpresso.tools.linux_10.3.0.201811011841/tools/bin/../lib/gcc/arm-none-eabi/7.3.1/thumb/v7-m/libcr_eabihelpers.a(float.o)
                0x000000000000674c                __aeabi_fcmpgt
 .text.__aeabi_memcpy
                0x0000000000006786       0x34 /usr/local/mcuxpressoide-10.3.1_2233/ide/plugins/com.nxp.mcuxpresso.tools.linux_10.3.0.201811011841/tools/bin/../lib/gcc/arm-none-eabi/7.3.1/thumb/v7-m/libcr_eabihelpers.a(memcpy.o)
                0x0000000000006786                __aeabi_memcpy
                0x0000000000006790                __aeabi_memcpy4
                0x0000000000006790                __aeabi_memcpy8
 .text.__aeabi_memset_lowlevel
                0x00000000000067ba       0x32 /usr/local/mcuxpressoide-10.3.1_2233/ide/plugins/com.nxp.mcuxpresso.tools.linux_10.3.0.201811011841/tools/bin/../lib/gcc/arm-none-eabi/7.3.1/thumb/v7-m/libcr_eabihelpers.a(memcpy.o)
                0x00000000000067ba                __aeabi_lowlevel_memset
 .text.__sys_appexit
                0x00000000000067ec        0xc /usr/local/mcuxpressoide-10.3.1_2233/ide/plugins/com.nxp.mcuxpresso.tools.linux_10.3.0.201811011841/tools/bin/../lib/gcc/arm-none-eabi/7.3.1/../../../../arm-none-eabi/lib/thumb/v7-m/libcr_semihost.a(__sys_appexit.o)
                0x00000000000067ec                __exit
                0x00000000000067ec                __sys_appexit
 .text.__sys_close
                0x00000000000067f8        0xc /usr/local/mcuxpressoide-10.3.1_2233/ide/plugins/com.nxp.mcuxpresso.tools.linux_10.3.0.201811011841/tools/bin/../lib/gcc/arm-none-eabi/7.3.1/../../../../arm-none-eabi/lib/thumb/v7-m/libcr_semihost.a(__sys_close.o)
                0x00000000000067f8                __sys_close
 .text.__sys_flen
                0x0000000000006804        0xc /usr/local/mcuxpressoide-10.3.1_2233/ide/plugins/com.nxp.mcuxpresso.tools.linux_10.3.0.201811011841/tools/bin/../lib/gcc/arm-none-eabi/7.3.1/../../../../arm-none-eabi/lib/thumb/v7-m/libcr_semihost.a(__sys_flen.o)
                0x0000000000006804                __sys_flen
 .text.__sys_istty
                0x0000000000006810        0xc /usr/local/mcuxpressoide-10.3.1_2233/ide/plugins/com.nxp.mcuxpresso.tools.linux_10.3.0.201811011841/tools/bin/../lib/gcc/arm-none-eabi/7.3.1/../../../../arm-none-eabi/lib/thumb/v7-m/libcr_semihost.a(__sys_istty.o)
                0x0000000000006810                __sys_istty
 .text.__sys_remove
                0x000000000000681c        0xc /usr/local/mcuxpressoide-10.3.1_2233/ide/plugins/com.nxp.mcuxpresso.tools.linux_10.3.0.201811011841/tools/bin/../lib/gcc/arm-none-eabi/7.3.1/../../../../arm-none-eabi/lib/thumb/v7-m/libcr_semihost.a(__sys_remove.o)
                0x000000000000681c                __sys_remove
 .text.__sys_seek
                0x0000000000006828        0xc /usr/local/mcuxpressoide-10.3.1_2233/ide/plugins/com.nxp.mcuxpresso.tools.linux_10.3.0.201811011841/tools/bin/../lib/gcc/arm-none-eabi/7.3.1/../../../../arm-none-eabi/lib/thumb/v7-m/libcr_semihost.a(__sys_seek.o)
                0x0000000000006828                __sys_seek
 .text.__sys_tmpnam
                0x0000000000006834        0xc /usr/local/mcuxpressoide-10.3.1_2233/ide/plugins/com.nxp.mcuxpresso.tools.linux_10.3.0.201811011841/tools/bin/../lib/gcc/arm-none-eabi/7.3.1/../../../../arm-none-eabi/lib/thumb/v7-m/libcr_semihost.a(__sys_tmpnam.o)
                0x0000000000006834                __sys_tmpnam
 .text.__sys_write
                0x0000000000006840        0xc /usr/local/mcuxpressoide-10.3.1_2233/ide/plugins/com.nxp.mcuxpresso.tools.linux_10.3.0.201811011841/tools/bin/../lib/gcc/arm-none-eabi/7.3.1/../../../../arm-none-eabi/lib/thumb/v7-m/libcr_semihost.a(__sys_write.o)
                0x0000000000006840                __sys_write
 *(.rodata .rodata.* .constdata .constdata.*)
 .rodata.USB_ConfigDescriptor
                0x000000000000684c       0x44 ./src/USB/usbdesc.o
                0x000000000000684c                USB_ConfigDescriptor
 .rodata.USB_DeviceDescriptor
                0x0000000000006890       0x12 ./src/USB/usbdesc.o
                0x0000000000006890                USB_DeviceDescriptor
 *fill*         0x00000000000068a2        0x2 ff
 .rodata.USB_StringDescriptor
                0x00000000000068a4       0x5e ./src/USB/usbdesc.o
                0x00000000000068a4                USB_StringDescriptor
 *fill*         0x0000000000006902        0x2 ff
 .rodata.USB_P_EP
                0x0000000000006904       0x14 ./src/USB/usbuser.o
                0x0000000000006904                USB_P_EP
 .rodata.modeSelect.str1.4
                0x0000000000006918       0x22 ./src/MODE/modeSelect.o
 *fill*         0x000000000000693a        0x2 ff
 .rodata.modeSelectInfo.str1.4
                0x000000000000693c      0x27a ./src/MODE/modeSelect.o
 *fill*         0x0000000000006bb6        0x2 ff
 .rodata.mode_BluetoothSetting.str1.4
                0x0000000000006bb8       0x7f ./src/MODE/mode_BluetoothSetting.o
 *fill*         0x0000000000006c37        0x1 ff
 .rodata.mode_controlRun.str1.4
                0x0000000000006c38       0x30 ./src/MODE/mode_controlRun.o
                                         0x47 (size before relaxing)
 .rodata.mode_debug.str1.4
                0x0000000000006c68       0x2a ./src/MODE/mode_debug.o
                                         0x43 (size before relaxing)
 *fill*         0x0000000000006c92        0x2 ff
 .rodata.mode_dutyMax.str1.4
                0x0000000000006c94       0x85 ./src/MODE/mode_dutyMax.o
                                         0xc3 (size before relaxing)
 *fill*         0x0000000000006d19        0x3 ff
 .rodata.mode_selectDuty.str1.4
                0x0000000000006d1c       0x69 ./src/MODE/mode_selectDuty.o
                                         0xc3 (size before relaxing)
 *fill*         0x0000000000006d85        0x3 ff
 .rodata.debugAICHIP.str1.4
                0x0000000000006d88       0x82 ./src/AICHIP/AICHIPFunction.o
 *fill*         0x0000000000006e0a        0x2 ff
 .rodata.debugUI.str1.4
                0x0000000000006e0c       0x9d ./src/AICHIP/UserInterface.o
 *fill*         0x0000000000006ea9        0x3 ff
 .rodata.debugMPU9250.str1.4
                0x0000000000006eac      0x1cc ./src/AICHIP/mpu9250.o
                                        0x1cb (size before relaxing)
 .rodata.fp_display.str1.1
                0x0000000000007078       0x34 /usr/local/mcuxpressoide-10.3.1_2233/ide/plugins/com.nxp.mcuxpresso.tools.linux_10.3.0.201811011841/tools/bin/../lib/gcc/arm-none-eabi/7.3.1/../../../../arm-none-eabi/lib/thumb/v7-m/libcr_c.a(fpprintf.o)
                                         0x35 (size before relaxing)
 .rodata._initio.str1.1
                0x00000000000070ac        0x4 /usr/local/mcuxpressoide-10.3.1_2233/ide/plugins/com.nxp.mcuxpresso.tools.linux_10.3.0.201811011841/tools/bin/../lib/gcc/arm-none-eabi/7.3.1/../../../../arm-none-eabi/lib/thumb/v7-m/libcr_c.a(initio.o)
 .rodata.__vfprintf.str1.1
                0x00000000000070b0       0x31 /usr/local/mcuxpressoide-10.3.1_2233/ide/plugins/com.nxp.mcuxpresso.tools.linux_10.3.0.201811011841/tools/bin/../lib/gcc/arm-none-eabi/7.3.1/../../../../arm-none-eabi/lib/thumb/v7-m/libcr_c.a(printf.o)
                                         0x38 (size before relaxing)
 .rodata._Csys_alloc.str1.1
                0x00000000000070e1       0x18 /usr/local/mcuxpressoide-10.3.1_2233/ide/plugins/com.nxp.mcuxpresso.tools.linux_10.3.0.201811011841/tools/bin/../lib/gcc/arm-none-eabi/7.3.1/../../../../arm-none-eabi/lib/thumb/v7-m/libcr_c.a(alloc.o)
 *fill*         0x00000000000070f9        0x7 ff
 .rodata.__huge_vall
                0x0000000000007100        0x8 /usr/local/mcuxpressoide-10.3.1_2233/ide/plugins/com.nxp.mcuxpresso.tools.linux_10.3.0.201811011841/tools/bin/../lib/gcc/arm-none-eabi/7.3.1/../../../../arm-none-eabi/lib/thumb/v7-m/libcr_c.a(_hugeval.o)
                0x0000000000007100                __huge_vall
 .rodata.__num_Ciob_streams
                0x0000000000007108        0x4 /usr/local/mcuxpressoide-10.3.1_2233/ide/plugins/com.nxp.mcuxpresso.tools.linux_10.3.0.201811011841/tools/bin/../lib/gcc/arm-none-eabi/7.3.1/../../../../arm-none-eabi/lib/thumb/v7-m/libcr_semihost.a(__ciob.o)
                0x0000000000007108                __num_Ciob_streams
                0x000000000000710c                . = ALIGN (0x4)

.glue_7         0x000000000000710c        0x0
 .glue_7        0x000000000000710c        0x0 linker stubs

.glue_7t        0x000000000000710c        0x0
 .glue_7t       0x000000000000710c        0x0 linker stubs

.vfp11_veneer   0x000000000000710c        0x0
 .vfp11_veneer  0x000000000000710c        0x0 linker stubs

.v4_bx          0x000000000000710c        0x0
 .v4_bx         0x000000000000710c        0x0 linker stubs

.iplt           0x000000000000710c        0x0
 .iplt          0x000000000000710c        0x0 ./src/USB/cdcuser.o

.rel.dyn        0x000000000000710c        0x0
 .rel.iplt      0x000000000000710c        0x0 ./src/USB/cdcuser.o

.ARM.extab
 *(.ARM.extab* .gnu.linkonce.armextab.*)
                0x000000000000710c                __exidx_start = .

.ARM.exidx
 *(.ARM.exidx* .gnu.linkonce.armexidx.*)
                0x000000000000710c                __exidx_end = .
                0x000000000000710c                _etext = .

.uninit_RESERVED
                0x0000000010000000        0x0
 *(.bss.$RESERVED*)
                0x0000000010000000                . = ALIGN (0x4)
                0x0000000010000000                _end_uninit_RESERVED = .

.data           0x0000000010000000       0x20 load address 0x000000000000710c
 FILL mask 0xff
                0x0000000010000000                _data = .
 *(vtable)
 *(.ramfunc*)
 *(.data*)
 .data.CDC_DepInEmpty
                0x0000000010000000        0x2 ./src/USB/cdcuser.o
                0x0000000010000000                CDC_DepInEmpty
 *fill*         0x0000000010000002        0x2 ff
 .data.CDC_LineCoding
                0x0000000010000004        0x7 ./src/USB/cdcuser.o
                0x0000000010000004                CDC_LineCoding
 .data.UARTTxEmpty
                0x000000001000000b        0x1 ./src/PERIPHERAL/uart.o
                0x000000001000000b                UARTTxEmpty
 .data.off_count_greenLED
                0x000000001000000c        0x2 ./src/AICHIP/UserInterface.o
 .data.off_count_redLED
                0x000000001000000e        0x2 ./src/AICHIP/UserInterface.o
 .data.Asa      0x0000000010000010        0x3 ./src/AICHIP/mpu9250.o
 *fill*         0x0000000010000013        0x1 ff
 .data.gain_LPF
                0x0000000010000014        0x4 ./src/AICHIP/mpu9250.o
                0x0000000010000014                gain_LPF
 .data.gain_str_LPF
                0x0000000010000018        0x4 ./src/AICHIP/mpu9250.o
                0x0000000010000018                gain_str_LPF
 .data          0x000000001000001c        0x4 /home/kentaro/git/AIchipV3/sample_soft/CMSISv1p30_LPC13xx/Debug/libCMSISv1p30_LPC13xx.a(system_LPC13xx.o)
                0x000000001000001c                SystemCoreClock
                0x0000000010000020                . = ALIGN (0x4)
                0x0000000010000020                _edata = .

.igot.plt       0x0000000010000020        0x0 load address 0x000000000000712c
 .igot.plt      0x0000000010000020        0x0 ./src/USB/cdcuser.o

.bss            0x0000000010000020      0x75c load address 0x000000000000712c
                0x0000000010000020                _bss = .
 *(.bss*)
 .bss.CDC_SerialState
                0x0000000010000020        0x2 ./src/USB/cdcuser.o
                0x0000000010000020                CDC_SerialState
 .bss.serialState.4042
                0x0000000010000022        0x2 ./src/USB/usbuser.o
 .bss.systick_handler_state
                0x0000000010000024        0x1 ./src/PERIPHERAL/SystemTickTimer.o
 *fill*         0x0000000010000025        0x3 
 .bss.systick_time_count
                0x0000000010000028        0x4 ./src/PERIPHERAL/SystemTickTimer.o
 .bss.systick_wait_count
                0x000000001000002c        0x4 ./src/PERIPHERAL/SystemTickTimer.o
 .bss.buffer.4603
                0x0000000010000030       0x64 ./src/PERIPHERAL/debug.o
 .bss.I2CMasterState
                0x0000000010000094        0x4 ./src/PERIPHERAL/i2c.o
                0x0000000010000094                I2CMasterState
 .bss.RdIndex   0x0000000010000098        0x4 ./src/PERIPHERAL/i2c.o
                0x0000000010000098                RdIndex
 .bss.WrIndex   0x000000001000009c        0x4 ./src/PERIPHERAL/i2c.o
                0x000000001000009c                WrIndex
 .bss.interruptOverRunStat
                0x00000000100000a0        0x4 ./src/PERIPHERAL/ssp.o
                0x00000000100000a0                interruptOverRunStat
 .bss.interruptRxStat
                0x00000000100000a4        0x4 ./src/PERIPHERAL/ssp.o
                0x00000000100000a4                interruptRxStat
 .bss.interruptRxTimeoutStat
                0x00000000100000a8        0x4 ./src/PERIPHERAL/ssp.o
                0x00000000100000a8                interruptRxTimeoutStat
 .bss.UARTCount
                0x00000000100000ac        0x4 ./src/PERIPHERAL/uart.o
                0x00000000100000ac                UARTCount
 .bss.flag_usb_config
                0x00000000100000b0        0x1 ./src/PERIPHERAL/usbTransmission.o
 *fill*         0x00000000100000b1        0x1 
 .bss.serialState.4662
                0x00000000100000b2        0x2 ./src/PERIPHERAL/usbTransmission.o
 .bss.count.4629
                0x00000000100000b4        0x2 ./src/AICHIP/AICHIPFunction.o
 *fill*         0x00000000100000b6        0x2 
 .bss.degree    0x00000000100000b8        0x4 ./src/AICHIP/AICHIPFunction.o
 .bss.flag_curve
                0x00000000100000bc        0x1 ./src/AICHIP/AICHIPFunction.o
 .bss.flag_send_data_enable
                0x00000000100000bd        0x1 ./src/AICHIP/AICHIPFunction.o
 .bss.flag_slope
                0x00000000100000be        0x1 ./src/AICHIP/AICHIPFunction.o
 .bss.flag_stop
                0x00000000100000bf        0x1 ./src/AICHIP/AICHIPFunction.o
 .bss.motor_duty
                0x00000000100000c0        0x4 ./src/AICHIP/AICHIPFunction.o
 .bss.time      0x00000000100000c4        0x4 ./src/AICHIP/AICHIPFunction.o
 .bss.timestamp.4631
                0x00000000100000c8        0x1 ./src/AICHIP/AICHIPFunction.o
 *fill*         0x00000000100000c9        0x3 
 .bss.elapsed_time_count
                0x00000000100000cc        0x4 ./src/AICHIP/UserInterface.o
 .bss.flag_flash_greenLED
                0x00000000100000d0        0x1 ./src/AICHIP/UserInterface.o
 .bss.flag_flash_redLED
                0x00000000100000d1        0x1 ./src/AICHIP/UserInterface.o
 .bss.greenLED_count
                0x00000000100000d2        0x2 ./src/AICHIP/UserInterface.o
 .bss.leftSW_count
                0x00000000100000d4        0x2 ./src/AICHIP/UserInterface.o
 .bss.on_count_greenLED
                0x00000000100000d6        0x2 ./src/AICHIP/UserInterface.o
 .bss.on_count_redLED
                0x00000000100000d8        0x2 ./src/AICHIP/UserInterface.o
 .bss.redLED_count
                0x00000000100000da        0x2 ./src/AICHIP/UserInterface.o
 .bss.rightSW_count
                0x00000000100000dc        0x2 ./src/AICHIP/UserInterface.o
 *fill*         0x00000000100000de        0x2 
 .bss.voltageLipo
                0x00000000100000e0        0x4 ./src/AICHIP/UserInterface.o
 .bss.voltageMotor
                0x00000000100000e4        0x4 ./src/AICHIP/UserInterface.o
 .bss.acc_LPF_vec
                0x00000000100000e8        0xc ./src/AICHIP/mpu9250.o
 .bss.acc_offset_vec
                0x00000000100000f4        0x6 ./src/AICHIP/mpu9250.o
 *fill*         0x00000000100000fa        0x2 
 .bss.acc_str_LPF_vec
                0x00000000100000fc        0xc ./src/AICHIP/mpu9250.o
 .bss.acc_vec   0x0000000010000108        0xc ./src/AICHIP/mpu9250.o
 .bss.acc_vec_int
                0x0000000010000114        0x6 ./src/AICHIP/mpu9250.o
 *fill*         0x000000001000011a        0x2 
 .bss.acc_vec_raw_int
                0x000000001000011c        0x6 ./src/AICHIP/mpu9250.o
 *fill*         0x0000000010000122        0x2 
 .bss.ak8963ArrayData
                0x0000000010000124        0x6 ./src/AICHIP/mpu9250.o
 *fill*         0x000000001000012a        0x2 
 .bss.mag_offset_vec
                0x000000001000012c        0x6 ./src/AICHIP/mpu9250.o
 *fill*         0x0000000010000132        0x2 
 .bss.mag_vec   0x0000000010000134        0xc ./src/AICHIP/mpu9250.o
 .bss.mag_vec_int
                0x0000000010000140        0x6 ./src/AICHIP/mpu9250.o
 *fill*         0x0000000010000146        0x2 
 .bss.mag_vec_raw_int
                0x0000000010000148        0x6 ./src/AICHIP/mpu9250.o
 *fill*         0x000000001000014e        0x2 
 .bss.mpu9250ArrayData
                0x0000000010000150        0xe ./src/AICHIP/mpu9250.o
 *fill*         0x000000001000015e        0x2 
 .bss.omega_LPF_vec
                0x0000000010000160        0xc ./src/AICHIP/mpu9250.o
 .bss.omega_offset_vec
                0x000000001000016c        0x6 ./src/AICHIP/mpu9250.o
 *fill*         0x0000000010000172        0x2 
 .bss.omega_str_LPF_vec
                0x0000000010000174        0xc ./src/AICHIP/mpu9250.o
 .bss.omega_vec
                0x0000000010000180        0xc ./src/AICHIP/mpu9250.o
 .bss.omega_vec_int
                0x000000001000018c        0x6 ./src/AICHIP/mpu9250.o
 *fill*         0x0000000010000192        0x2 
 .bss.omega_vec_raw_int
                0x0000000010000194        0x6 ./src/AICHIP/mpu9250.o
 *fill*         0x000000001000019a        0x2 
 .bss.temperature
                0x000000001000019c        0x4 ./src/AICHIP/mpu9250.o
 .bss.temperature_int
                0x00000000100001a0        0x2 ./src/AICHIP/mpu9250.o
 .bss.temperature_raw_int
                0x00000000100001a2        0x2 ./src/AICHIP/mpu9250.o
 .bss.errno     0x00000000100001a4        0x4 /usr/local/mcuxpressoide-10.3.1_2233/ide/plugins/com.nxp.mcuxpresso.tools.linux_10.3.0.201811011841/tools/bin/../lib/gcc/arm-none-eabi/7.3.1/../../../../arm-none-eabi/lib/thumb/v7-m/libcr_c.a(errno.o)
                0x00000000100001a4                errno
 .bss.__end_of_heap
                0x00000000100001a8        0x4 /usr/local/mcuxpressoide-10.3.1_2233/ide/plugins/com.nxp.mcuxpresso.tools.linux_10.3.0.201811011841/tools/bin/../lib/gcc/arm-none-eabi/7.3.1/../../../../arm-none-eabi/lib/thumb/v7-m/libcr_c.a(__init_alloc.o)
                0x00000000100001a8                __end_of_heap
 .bss.__heaps   0x00000000100001ac        0x4 /usr/local/mcuxpressoide-10.3.1_2233/ide/plugins/com.nxp.mcuxpresso.tools.linux_10.3.0.201811011841/tools/bin/../lib/gcc/arm-none-eabi/7.3.1/../../../../arm-none-eabi/lib/thumb/v7-m/libcr_c.a(__init_alloc.o)
                0x00000000100001ac                __heaps
 .bss.__Ciob    0x00000000100001b0      0x1e0 /usr/local/mcuxpressoide-10.3.1_2233/ide/plugins/com.nxp.mcuxpresso.tools.linux_10.3.0.201811011841/tools/bin/../lib/gcc/arm-none-eabi/7.3.1/../../../../arm-none-eabi/lib/thumb/v7-m/libcr_semihost.a(__ciob.o)
                0x00000000100001b0                __Ciob
 *(COMMON)
 COMMON         0x0000000010000390       0xd4 ./src/USB/cdcuser.o
                0x0000000010000390                BulkBufOut
                0x00000000100003d0                NotificationBuf
                0x00000000100003dc                BulkBufIn
                0x000000001000041c                CDC_OutBuf
 COMMON         0x0000000010000464       0x6e ./src/USB/usbcore.o
                0x0000000010000464                USB_AltSetting
                0x0000000010000468                EP0Buf
                0x00000000100004a8                USB_EndPointMask
                0x00000000100004ac                USB_DeviceAddress
                0x00000000100004b0                USB_EndPointStall
                0x00000000100004b4                USB_EndPointHalt
                0x00000000100004b8                USB_Configuration
                0x00000000100004bc                SetupPacket
                0x00000000100004c4                USB_NumInterfaces
                0x00000000100004c8                EP0Data
                0x00000000100004d0                USB_DeviceStatus
 *fill*         0x00000000100004d2        0x2 
 COMMON         0x00000000100004d4      0x10c ./src/PERIPHERAL/i2c.o
                0x00000000100004d4                I2CReadLength
                0x00000000100004d8                I2CSlaveBuffer
                0x0000000010000558                I2CMode
                0x000000001000055c                I2CMasterBuffer
                0x00000000100005dc                I2CWriteLength
 COMMON         0x00000000100005e0       0x84 ./src/PERIPHERAL/uart.o
                0x00000000100005e0                UARTBuffer
                0x0000000010000660                UARTStatus
 COMMON         0x0000000010000664      0x118 ./src/OTHER/serial.o
                0x0000000010000664                ser_in
                0x00000000100006ec                ser_txRestart
                0x00000000100006f0                ser_lineState
                0x00000000100006f4                ser_out
                0x000000001000077c                . = ALIGN (0x4)
                0x000000001000077c                _ebss = .
                [!provide]                        PROVIDE (end = .)

.noinit         0x000000001000077c        0x0 load address 0x000000000000712c
                0x000000001000077c                _noinit = .
 *(.noinit*)
                0x000000001000077c                . = ALIGN (0x4)
                0x000000001000077c                _end_noinit = .
                0x000000001000077c                PROVIDE (_pvHeapStart = DEFINED (__user_heap_base)?__user_heap_base:.)
                0x0000000010002000                PROVIDE (_vStackTop = DEFINED (__user_stack_top)?__user_stack_top:(__top_RamLoc8 - 0x0))
                [!provide]                        PROVIDE (__valid_user_code_checksum = (0x0 - ((((((_vStackTop + (ResetISR + 0x1)) + (NMI_Handler + 0x1)) + (HardFault_Handler + 0x1)) + (DEFINED (MemManage_Handler)?MemManage_Handler:0x0 + 0x1)) + (DEFINED (BusFault_Handler)?BusFault_Handler:0x0 + 0x1)) + (DEFINED (UsageFault_Handler)?UsageFault_Handler:0x0 + 0x1))))
                0x0000000000000000                _image_start = LOADADDR (.text)
                0x000000000000712c                _image_end = (LOADADDR (.data) + SIZEOF (.data))
                0x000000000000712c                _image_size = (_image_end - _image_start)
OUTPUT(RT-AICHIPV3-sample.axf elf32-littlearm)

.debug_info     0x0000000000000000     0xe3ca
 .debug_info    0x0000000000000000      0x7bb ./src/USB/cdcuser.o
 .debug_info    0x00000000000007bb      0xe75 ./src/USB/usbcore.o
 .debug_info    0x0000000000001630      0x105 ./src/USB/usbdesc.o
 .debug_info    0x0000000000001735     0x1786 ./src/USB/usbhw.o
 .debug_info    0x0000000000002ebb      0x40f ./src/USB/usbuser.o
 .debug_info    0x00000000000032ca      0x215 ./src/PERIPHERAL/SystemTickTimer.o
 .debug_info    0x00000000000034df      0x90e ./src/PERIPHERAL/ad.o
 .debug_info    0x0000000000003ded      0x3b8 ./src/PERIPHERAL/debug.o
 .debug_info    0x00000000000041a5      0xd39 ./src/PERIPHERAL/i2c.o
 .debug_info    0x0000000000004ede      0x527 ./src/PERIPHERAL/io.o
 .debug_info    0x0000000000005405      0x93e ./src/PERIPHERAL/pwm.o
 .debug_info    0x0000000000005d43      0xd7e ./src/PERIPHERAL/ssp.o
 .debug_info    0x0000000000006ac1      0xb00 ./src/PERIPHERAL/timer.o
 .debug_info    0x00000000000075c1      0xd87 ./src/PERIPHERAL/uart.o
 .debug_info    0x0000000000008348      0x4ff ./src/PERIPHERAL/usbTransmission.o
 .debug_info    0x0000000000008847      0x29f ./src/OTHER/cr_startup_lpc13xx.o
 .debug_info    0x0000000000008ae6       0x3f ./src/OTHER/crp.o
 .debug_info    0x0000000000008b25      0xf08 ./src/OTHER/serial.o
 .debug_info    0x0000000000009a2d      0x529 ./src/MODE/modeSelect.o
 .debug_info    0x0000000000009f56      0x259 ./src/MODE/mode_BluetoothSetting.o
 .debug_info    0x000000000000a1af      0x23a ./src/MODE/mode_controlRun.o
 .debug_info    0x000000000000a3e9      0x205 ./src/MODE/mode_debug.o
 .debug_info    0x000000000000a5ee      0x223 ./src/MODE/mode_dutyMax.o
 .debug_info    0x000000000000a811      0x268 ./src/MODE/mode_selectDuty.o
 .debug_info    0x000000000000aa79      0xbf8 ./src/AICHIP/AICHIPFunction.o
 .debug_info    0x000000000000b671      0x401 ./src/AICHIP/EEPROM_24LC16BT_I.o
 .debug_info    0x000000000000ba72      0x7db ./src/AICHIP/UserInterface.o
 .debug_info    0x000000000000c24d      0x5e4 ./src/AICHIP/main.o
 .debug_info    0x000000000000c831     0x1487 ./src/AICHIP/mpu9250.o
 .debug_info    0x000000000000dcb8      0x1ff ./src/AICHIP/tinyMathFunctions.o
 .debug_info    0x000000000000deb7      0x513 /home/kentaro/git/AIchipV3/sample_soft/CMSISv1p30_LPC13xx/Debug/libCMSISv1p30_LPC13xx.a(system_LPC13xx.o)

.debug_abbrev   0x0000000000000000     0x34d4
 .debug_abbrev  0x0000000000000000      0x25a ./src/USB/cdcuser.o
 .debug_abbrev  0x000000000000025a      0x303 ./src/USB/usbcore.o
 .debug_abbrev  0x000000000000055d       0x8a ./src/USB/usbdesc.o
 .debug_abbrev  0x00000000000005e7      0x41d ./src/USB/usbhw.o
 .debug_abbrev  0x0000000000000a04      0x1cd ./src/USB/usbuser.o
 .debug_abbrev  0x0000000000000bd1      0x149 ./src/PERIPHERAL/SystemTickTimer.o
 .debug_abbrev  0x0000000000000d1a      0x193 ./src/PERIPHERAL/ad.o
 .debug_abbrev  0x0000000000000ead      0x18f ./src/PERIPHERAL/debug.o
 .debug_abbrev  0x000000000000103c      0x264 ./src/PERIPHERAL/i2c.o
 .debug_abbrev  0x00000000000012a0      0x15f ./src/PERIPHERAL/io.o
 .debug_abbrev  0x00000000000013ff      0x17f ./src/PERIPHERAL/pwm.o
 .debug_abbrev  0x000000000000157e      0x262 ./src/PERIPHERAL/ssp.o
 .debug_abbrev  0x00000000000017e0      0x1f8 ./src/PERIPHERAL/timer.o
 .debug_abbrev  0x00000000000019d8      0x234 ./src/PERIPHERAL/uart.o
 .debug_abbrev  0x0000000000001c0c      0x250 ./src/PERIPHERAL/usbTransmission.o
 .debug_abbrev  0x0000000000001e5c      0x118 ./src/OTHER/cr_startup_lpc13xx.o
 .debug_abbrev  0x0000000000001f74       0x36 ./src/OTHER/crp.o
 .debug_abbrev  0x0000000000001faa      0x25f ./src/OTHER/serial.o
 .debug_abbrev  0x0000000000002209      0x102 ./src/MODE/modeSelect.o
 .debug_abbrev  0x000000000000230b       0xc7 ./src/MODE/mode_BluetoothSetting.o
 .debug_abbrev  0x00000000000023d2       0xd6 ./src/MODE/mode_controlRun.o
 .debug_abbrev  0x00000000000024a8       0xea ./src/MODE/mode_debug.o
 .debug_abbrev  0x0000000000002592       0xe3 ./src/MODE/mode_dutyMax.o
 .debug_abbrev  0x0000000000002675       0xe3 ./src/MODE/mode_selectDuty.o
 .debug_abbrev  0x0000000000002758      0x35a ./src/AICHIP/AICHIPFunction.o
 .debug_abbrev  0x0000000000002ab2      0x13c ./src/AICHIP/EEPROM_24LC16BT_I.o
 .debug_abbrev  0x0000000000002bee      0x28f ./src/AICHIP/UserInterface.o
 .debug_abbrev  0x0000000000002e7d      0x1a0 ./src/AICHIP/main.o
 .debug_abbrev  0x000000000000301d      0x23b ./src/AICHIP/mpu9250.o
 .debug_abbrev  0x0000000000003258      0x12a ./src/AICHIP/tinyMathFunctions.o
 .debug_abbrev  0x0000000000003382      0x152 /home/kentaro/git/AIchipV3/sample_soft/CMSISv1p30_LPC13xx/Debug/libCMSISv1p30_LPC13xx.a(system_LPC13xx.o)

.debug_loc      0x0000000000000000     0x2974
 .debug_loc     0x0000000000000000      0x215 ./src/USB/cdcuser.o
 .debug_loc     0x0000000000000215      0x883 ./src/USB/usbcore.o
 .debug_loc     0x0000000000000a98      0x462 ./src/USB/usbhw.o
 .debug_loc     0x0000000000000efa       0x87 ./src/USB/usbuser.o
 .debug_loc     0x0000000000000f81       0x60 ./src/PERIPHERAL/SystemTickTimer.o
 .debug_loc     0x0000000000000fe1       0x34 ./src/PERIPHERAL/debug.o
 .debug_loc     0x0000000000001015       0xe8 ./src/PERIPHERAL/i2c.o
 .debug_loc     0x00000000000010fd       0x46 ./src/PERIPHERAL/pwm.o
 .debug_loc     0x0000000000001143       0xd9 ./src/PERIPHERAL/ssp.o
 .debug_loc     0x000000000000121c       0x7c ./src/PERIPHERAL/timer.o
 .debug_loc     0x0000000000001298      0x151 ./src/PERIPHERAL/uart.o
 .debug_loc     0x00000000000013e9       0x13 ./src/PERIPHERAL/usbTransmission.o
 .debug_loc     0x00000000000013fc      0x1e7 ./src/OTHER/cr_startup_lpc13xx.o
 .debug_loc     0x00000000000015e3      0x30b ./src/OTHER/serial.o
 .debug_loc     0x00000000000018ee       0x40 ./src/MODE/modeSelect.o
 .debug_loc     0x000000000000192e       0x2a ./src/MODE/mode_dutyMax.o
 .debug_loc     0x0000000000001958       0x75 ./src/MODE/mode_selectDuty.o
 .debug_loc     0x00000000000019cd      0x2b7 ./src/AICHIP/AICHIPFunction.o
 .debug_loc     0x0000000000001c84      0x30a ./src/AICHIP/EEPROM_24LC16BT_I.o
 .debug_loc     0x0000000000001f8e       0x99 ./src/AICHIP/UserInterface.o
 .debug_loc     0x0000000000002027      0x6a3 ./src/AICHIP/mpu9250.o
 .debug_loc     0x00000000000026ca      0x2aa ./src/AICHIP/tinyMathFunctions.o

.debug_aranges  0x0000000000000000      0x9c0
 .debug_aranges
                0x0000000000000000       0xa0 ./src/USB/cdcuser.o
 .debug_aranges
                0x00000000000000a0       0x50 ./src/USB/usbcore.o
 .debug_aranges
                0x00000000000000f0       0x18 ./src/USB/usbdesc.o
 .debug_aranges
                0x0000000000000108      0x100 ./src/USB/usbhw.o
 .debug_aranges
                0x0000000000000208       0x50 ./src/USB/usbuser.o
 .debug_aranges
                0x0000000000000258       0x48 ./src/PERIPHERAL/SystemTickTimer.o
 .debug_aranges
                0x00000000000002a0       0x28 ./src/PERIPHERAL/ad.o
 .debug_aranges
                0x00000000000002c8       0x28 ./src/PERIPHERAL/debug.o
 .debug_aranges
                0x00000000000002f0       0x40 ./src/PERIPHERAL/i2c.o
 .debug_aranges
                0x0000000000000330       0x20 ./src/PERIPHERAL/io.o
 .debug_aranges
                0x0000000000000350       0x38 ./src/PERIPHERAL/pwm.o
 .debug_aranges
                0x0000000000000388       0x38 ./src/PERIPHERAL/ssp.o
 .debug_aranges
                0x00000000000003c0       0x48 ./src/PERIPHERAL/timer.o
 .debug_aranges
                0x0000000000000408       0x30 ./src/PERIPHERAL/uart.o
 .debug_aranges
                0x0000000000000438       0x38 ./src/PERIPHERAL/usbTransmission.o
 .debug_aranges
                0x0000000000000470       0x80 ./src/OTHER/cr_startup_lpc13xx.o
 .debug_aranges
                0x00000000000004f0       0x18 ./src/OTHER/crp.o
 .debug_aranges
                0x0000000000000508       0x50 ./src/OTHER/serial.o
 .debug_aranges
                0x0000000000000558       0x28 ./src/MODE/modeSelect.o
 .debug_aranges
                0x0000000000000580       0x20 ./src/MODE/mode_BluetoothSetting.o
 .debug_aranges
                0x00000000000005a0       0x20 ./src/MODE/mode_controlRun.o
 .debug_aranges
                0x00000000000005c0       0x20 ./src/MODE/mode_debug.o
 .debug_aranges
                0x00000000000005e0       0x20 ./src/MODE/mode_dutyMax.o
 .debug_aranges
                0x0000000000000600       0x20 ./src/MODE/mode_selectDuty.o
 .debug_aranges
                0x0000000000000620       0x90 ./src/AICHIP/AICHIPFunction.o
 .debug_aranges
                0x00000000000006b0       0x48 ./src/AICHIP/EEPROM_24LC16BT_I.o
 .debug_aranges
                0x00000000000006f8       0xa0 ./src/AICHIP/UserInterface.o
 .debug_aranges
                0x0000000000000798       0x28 ./src/AICHIP/main.o
 .debug_aranges
                0x00000000000007c0      0x1a0 ./src/AICHIP/mpu9250.o
 .debug_aranges
                0x0000000000000960       0x30 ./src/AICHIP/tinyMathFunctions.o
 .debug_aranges
                0x0000000000000990       0x30 /home/kentaro/git/AIchipV3/sample_soft/CMSISv1p30_LPC13xx/Debug/libCMSISv1p30_LPC13xx.a(system_LPC13xx.o)

.debug_ranges   0x0000000000000000      0x838
 .debug_ranges  0x0000000000000000       0x90 ./src/USB/cdcuser.o
 .debug_ranges  0x0000000000000090       0xb8 ./src/USB/usbcore.o
 .debug_ranges  0x0000000000000148       0xf0 ./src/USB/usbhw.o
 .debug_ranges  0x0000000000000238       0x40 ./src/USB/usbuser.o
 .debug_ranges  0x0000000000000278       0x38 ./src/PERIPHERAL/SystemTickTimer.o
 .debug_ranges  0x00000000000002b0       0x18 ./src/PERIPHERAL/ad.o
 .debug_ranges  0x00000000000002c8       0x18 ./src/PERIPHERAL/debug.o
 .debug_ranges  0x00000000000002e0       0x30 ./src/PERIPHERAL/i2c.o
 .debug_ranges  0x0000000000000310       0x10 ./src/PERIPHERAL/io.o
 .debug_ranges  0x0000000000000320       0x28 ./src/PERIPHERAL/pwm.o
 .debug_ranges  0x0000000000000348       0x28 ./src/PERIPHERAL/ssp.o
 .debug_ranges  0x0000000000000370       0x38 ./src/PERIPHERAL/timer.o
 .debug_ranges  0x00000000000003a8       0x20 ./src/PERIPHERAL/uart.o
 .debug_ranges  0x00000000000003c8       0x28 ./src/PERIPHERAL/usbTransmission.o
 .debug_ranges  0x00000000000003f0       0x70 ./src/OTHER/cr_startup_lpc13xx.o
 .debug_ranges  0x0000000000000460       0x40 ./src/OTHER/serial.o
 .debug_ranges  0x00000000000004a0       0x18 ./src/MODE/modeSelect.o
 .debug_ranges  0x00000000000004b8       0x10 ./src/MODE/mode_BluetoothSetting.o
 .debug_ranges  0x00000000000004c8       0x10 ./src/MODE/mode_controlRun.o
 .debug_ranges  0x00000000000004d8       0x10 ./src/MODE/mode_debug.o
 .debug_ranges  0x00000000000004e8       0x10 ./src/MODE/mode_dutyMax.o
 .debug_ranges  0x00000000000004f8       0x10 ./src/MODE/mode_selectDuty.o
 .debug_ranges  0x0000000000000508       0x80 ./src/AICHIP/AICHIPFunction.o
 .debug_ranges  0x0000000000000588       0x38 ./src/AICHIP/EEPROM_24LC16BT_I.o
 .debug_ranges  0x00000000000005c0       0x90 ./src/AICHIP/UserInterface.o
 .debug_ranges  0x0000000000000650       0x18 ./src/AICHIP/main.o
 .debug_ranges  0x0000000000000668      0x190 ./src/AICHIP/mpu9250.o
 .debug_ranges  0x00000000000007f8       0x20 ./src/AICHIP/tinyMathFunctions.o
 .debug_ranges  0x0000000000000818       0x20 /home/kentaro/git/AIchipV3/sample_soft/CMSISv1p30_LPC13xx/Debug/libCMSISv1p30_LPC13xx.a(system_LPC13xx.o)

.debug_macro    0x0000000000000000     0x4a3c
 .debug_macro   0x0000000000000000       0xb6 ./src/USB/cdcuser.o
 .debug_macro   0x00000000000000b6      0xa72 ./src/USB/cdcuser.o
 .debug_macro   0x0000000000000b28       0x10 ./src/USB/cdcuser.o
 .debug_macro   0x0000000000000b38      0x12d ./src/USB/cdcuser.o
 .debug_macro   0x0000000000000c65      0x5b2 ./src/USB/cdcuser.o
 .debug_macro   0x0000000000001217       0x16 ./src/USB/cdcuser.o
 .debug_macro   0x000000000000122d      0x1cb ./src/USB/cdcuser.o
 .debug_macro   0x00000000000013f8       0x3a ./src/USB/cdcuser.o
 .debug_macro   0x0000000000001432       0xcc ./src/USB/cdcuser.o
 .debug_macro   0x00000000000014fe      0x26b ./src/USB/cdcuser.o
 .debug_macro   0x0000000000001769       0x1c ./src/USB/cdcuser.o
 .debug_macro   0x0000000000001785       0x94 ./src/USB/usbcore.o
 .debug_macro   0x0000000000001819       0x28 ./src/USB/usbcore.o
 .debug_macro   0x0000000000001841       0x34 ./src/USB/usbcore.o
 .debug_macro   0x0000000000001875       0x78 ./src/USB/usbdesc.o
 .debug_macro   0x00000000000018ed       0x2e ./src/USB/usbdesc.o
 .debug_macro   0x000000000000191b       0x99 ./src/USB/usbhw.o
 .debug_macro   0x00000000000019b4       0x1c ./src/USB/usbhw.o
 .debug_macro   0x00000000000019d0       0x22 ./src/USB/usbhw.o
 .debug_macro   0x00000000000019f2      0x7b7 ./src/USB/usbhw.o
 .debug_macro   0x00000000000021a9      0x131 ./src/USB/usbhw.o
 .debug_macro   0x00000000000022da      0x205 ./src/USB/usbhw.o
 .debug_macro   0x00000000000024df       0x89 ./src/USB/usbuser.o
 .debug_macro   0x0000000000002568       0x7a ./src/PERIPHERAL/SystemTickTimer.o
 .debug_macro   0x00000000000025e2      0x7d5 ./src/PERIPHERAL/SystemTickTimer.o
 .debug_macro   0x0000000000002db7       0x6c ./src/PERIPHERAL/ad.o
 .debug_macro   0x0000000000002e23       0x9d ./src/PERIPHERAL/debug.o
 .debug_macro   0x0000000000002ec0       0x16 ./src/PERIPHERAL/debug.o
 .debug_macro   0x0000000000002ed6       0x10 ./src/PERIPHERAL/debug.o
 .debug_macro   0x0000000000002ee6       0xa0 ./src/PERIPHERAL/debug.o
 .debug_macro   0x0000000000002f86       0x16 ./src/PERIPHERAL/debug.o
 .debug_macro   0x0000000000002f9c       0xa6 ./src/PERIPHERAL/debug.o
 .debug_macro   0x0000000000003042       0x74 ./src/PERIPHERAL/i2c.o
 .debug_macro   0x00000000000030b6       0x1c ./src/PERIPHERAL/i2c.o
 .debug_macro   0x00000000000030d2       0xd0 ./src/PERIPHERAL/i2c.o
 .debug_macro   0x00000000000031a2       0x79 ./src/PERIPHERAL/io.o
 .debug_macro   0x000000000000321b       0x76 ./src/PERIPHERAL/pwm.o
 .debug_macro   0x0000000000003291       0x6b ./src/PERIPHERAL/ssp.o
 .debug_macro   0x00000000000032fc      0x11e ./src/PERIPHERAL/ssp.o
 .debug_macro   0x000000000000341a       0x6c ./src/PERIPHERAL/timer.o
 .debug_macro   0x0000000000003486       0x71 ./src/PERIPHERAL/uart.o
 .debug_macro   0x00000000000034f7       0xc1 ./src/PERIPHERAL/usbTransmission.o
 .debug_macro   0x00000000000035b8       0x1d ./src/OTHER/cr_startup_lpc13xx.o
 .debug_macro   0x00000000000035d5       0x1a ./src/OTHER/crp.o
 .debug_macro   0x00000000000035ef       0x34 ./src/OTHER/crp.o
 .debug_macro   0x0000000000003623       0x9f ./src/OTHER/serial.o
 .debug_macro   0x00000000000036c2       0xd3 ./src/MODE/modeSelect.o
 .debug_macro   0x0000000000003795       0x7d ./src/MODE/mode_BluetoothSetting.o
 .debug_macro   0x0000000000003812       0x7d ./src/MODE/mode_controlRun.o
 .debug_macro   0x000000000000388f       0x7d ./src/MODE/mode_debug.o
 .debug_macro   0x000000000000390c       0x7d ./src/MODE/mode_dutyMax.o
 .debug_macro   0x0000000000003989       0x7d ./src/MODE/mode_selectDuty.o
 .debug_macro   0x0000000000003a06       0xc7 ./src/AICHIP/AICHIPFunction.o
 .debug_macro   0x0000000000003acd       0x52 ./src/AICHIP/AICHIPFunction.o
 .debug_macro   0x0000000000003b1f       0x96 ./src/AICHIP/EEPROM_24LC16BT_I.o
 .debug_macro   0x0000000000003bb5       0x97 ./src/AICHIP/UserInterface.o
 .debug_macro   0x0000000000003c4c      0x126 ./src/AICHIP/main.o
 .debug_macro   0x0000000000003d72       0xcb ./src/AICHIP/mpu9250.o
 .debug_macro   0x0000000000003e3d       0x16 ./src/AICHIP/mpu9250.o
 .debug_macro   0x0000000000003e53       0x5a ./src/AICHIP/tinyMathFunctions.o
 .debug_macro   0x0000000000003ead      0x12f /home/kentaro/git/AIchipV3/sample_soft/CMSISv1p30_LPC13xx/Debug/libCMSISv1p30_LPC13xx.a(system_LPC13xx.o)
 .debug_macro   0x0000000000003fdc      0xa60 /home/kentaro/git/AIchipV3/sample_soft/CMSISv1p30_LPC13xx/Debug/libCMSISv1p30_LPC13xx.a(system_LPC13xx.o)

.debug_line     0x0000000000000000     0x6a2d
 .debug_line    0x0000000000000000      0x3dd ./src/USB/cdcuser.o
 .debug_line    0x00000000000003dd      0x4a0 ./src/USB/usbcore.o
 .debug_line    0x000000000000087d      0x234 ./src/USB/usbdesc.o
 .debug_line    0x0000000000000ab1      0x554 ./src/USB/usbhw.o
 .debug_line    0x0000000000001005      0x2c7 ./src/USB/usbuser.o
 .debug_line    0x00000000000012cc      0x323 ./src/PERIPHERAL/SystemTickTimer.o
 .debug_line    0x00000000000015ef      0x27c ./src/PERIPHERAL/ad.o
 .debug_line    0x000000000000186b      0x2e1 ./src/PERIPHERAL/debug.o
 .debug_line    0x0000000000001b4c      0x34d ./src/PERIPHERAL/i2c.o
 .debug_line    0x0000000000001e99      0x297 ./src/PERIPHERAL/io.o
 .debug_line    0x0000000000002130      0x291 ./src/PERIPHERAL/pwm.o
 .debug_line    0x00000000000023c1      0x2dd ./src/PERIPHERAL/ssp.o
 .debug_line    0x000000000000269e      0x2c1 ./src/PERIPHERAL/timer.o
 .debug_line    0x000000000000295f      0x2c4 ./src/PERIPHERAL/uart.o
 .debug_line    0x0000000000002c23      0x391 ./src/PERIPHERAL/usbTransmission.o
 .debug_line    0x0000000000002fb4       0xa4 ./src/OTHER/cr_startup_lpc13xx.o
 .debug_line    0x0000000000003058       0xbb ./src/OTHER/crp.o
 .debug_line    0x0000000000003113      0x31e ./src/OTHER/serial.o
 .debug_line    0x0000000000003431      0x42e ./src/MODE/modeSelect.o
 .debug_line    0x000000000000385f      0x314 ./src/MODE/mode_BluetoothSetting.o
 .debug_line    0x0000000000003b73      0x31c ./src/MODE/mode_controlRun.o
 .debug_line    0x0000000000003e8f      0x304 ./src/MODE/mode_debug.o
 .debug_line    0x0000000000004193      0x31a ./src/MODE/mode_dutyMax.o
 .debug_line    0x00000000000044ad      0x32f ./src/MODE/mode_selectDuty.o
 .debug_line    0x00000000000047dc      0x5fb ./src/AICHIP/AICHIPFunction.o
 .debug_line    0x0000000000004dd7      0x3ea ./src/AICHIP/EEPROM_24LC16BT_I.o
 .debug_line    0x00000000000051c1      0x474 ./src/AICHIP/UserInterface.o
 .debug_line    0x0000000000005635      0x487 ./src/AICHIP/main.o
 .debug_line    0x0000000000005abc      0xa31 ./src/AICHIP/mpu9250.o
 .debug_line    0x00000000000064ed      0x29a ./src/AICHIP/tinyMathFunctions.o
 .debug_line    0x0000000000006787      0x2a6 /home/kentaro/git/AIchipV3/sample_soft/CMSISv1p30_LPC13xx/Debug/libCMSISv1p30_LPC13xx.a(system_LPC13xx.o)

.debug_str      0x0000000000000000     0xd69d
 .debug_str     0x0000000000000000     0x6028 ./src/USB/cdcuser.o
                                       0x60ff (size before relaxing)
 .debug_str     0x0000000000006028      0x59e ./src/USB/usbcore.o
                                       0x632e (size before relaxing)
 .debug_str     0x00000000000065c6       0x81 ./src/USB/usbdesc.o
                                       0x5bcb (size before relaxing)
 .debug_str     0x0000000000006647     0x468c ./src/USB/usbhw.o
                                       0x9900 (size before relaxing)
 .debug_str     0x000000000000acd3       0x8b ./src/USB/usbuser.o
                                       0x52c5 (size before relaxing)
 .debug_str     0x000000000000ad5e       0xe3 ./src/PERIPHERAL/SystemTickTimer.o
                                       0x7abf (size before relaxing)
 .debug_str     0x000000000000ae41       0x4c ./src/PERIPHERAL/ad.o
                                       0x7eb0 (size before relaxing)
 .debug_str     0x000000000000ae8d      0x561 ./src/PERIPHERAL/debug.o
                                       0x7f5a (size before relaxing)
 .debug_str     0x000000000000b3ee      0x3bd ./src/PERIPHERAL/i2c.o
                                       0x8620 (size before relaxing)
 .debug_str     0x000000000000b7ab       0x24 ./src/PERIPHERAL/io.o
                                       0x7c03 (size before relaxing)
 .debug_str     0x000000000000b7cf       0x6b ./src/PERIPHERAL/pwm.o
                                       0x7ec7 (size before relaxing)
 .debug_str     0x000000000000b83a      0x3dd ./src/PERIPHERAL/ssp.o
                                       0x8629 (size before relaxing)
 .debug_str     0x000000000000bc17       0xd8 ./src/PERIPHERAL/timer.o
                                       0x8139 (size before relaxing)
 .debug_str     0x000000000000bcef       0xf4 ./src/PERIPHERAL/uart.o
                                       0x84bb (size before relaxing)
 .debug_str     0x000000000000bde3       0x4e ./src/PERIPHERAL/usbTransmission.o
                                       0x9315 (size before relaxing)
 .debug_str     0x000000000000be31      0x1db ./src/OTHER/cr_startup_lpc13xx.o
                                       0x2ee3 (size before relaxing)
 .debug_str     0x000000000000c00c       0xef ./src/OTHER/crp.o
                                       0x2de1 (size before relaxing)
 .debug_str     0x000000000000c0fb      0x22f ./src/OTHER/serial.o
                                       0x85a4 (size before relaxing)
 .debug_str     0x000000000000c32a      0x16f ./src/MODE/modeSelect.o
                                       0x7b8d (size before relaxing)
 .debug_str     0x000000000000c499       0x43 ./src/MODE/mode_BluetoothSetting.o
                                       0x44d4 (size before relaxing)
 .debug_str     0x000000000000c4dc       0x65 ./src/MODE/mode_controlRun.o
                                       0x4525 (size before relaxing)
 .debug_str     0x000000000000c541       0x4c ./src/MODE/mode_debug.o
                                       0x44f1 (size before relaxing)
 .debug_str     0x000000000000c58d       0x2c ./src/MODE/mode_dutyMax.o
                                       0x44ed (size before relaxing)
 .debug_str     0x000000000000c5b9       0x2e ./src/MODE/mode_selectDuty.o
                                       0x4502 (size before relaxing)
 .debug_str     0x000000000000c5e7      0x408 ./src/AICHIP/AICHIPFunction.o
                                       0x8189 (size before relaxing)
 .debug_str     0x000000000000c9ef       0xcb ./src/AICHIP/EEPROM_24LC16BT_I.o
                                       0x7daa (size before relaxing)
 .debug_str     0x000000000000caba      0x168 ./src/AICHIP/UserInterface.o
                                       0x7c90 (size before relaxing)
 .debug_str     0x000000000000cc22       0x56 ./src/AICHIP/main.o
                                       0x979b (size before relaxing)
 .debug_str     0x000000000000cc78      0x541 ./src/AICHIP/mpu9250.o
                                       0x5148 (size before relaxing)
 .debug_str     0x000000000000d1b9       0x76 ./src/AICHIP/tinyMathFunctions.o
                                       0x46ab (size before relaxing)
 .debug_str     0x000000000000d22f      0x46e /home/kentaro/git/AIchipV3/sample_soft/CMSISv1p30_LPC13xx/Debug/libCMSISv1p30_LPC13xx.a(system_LPC13xx.o)
                                       0x7fb1 (size before relaxing)

.comment        0x0000000000000000       0x7f
 .comment       0x0000000000000000       0x7f ./src/USB/cdcuser.o
                                         0x80 (size before relaxing)
 .comment       0x000000000000007f       0x80 ./src/USB/usbcore.o
 .comment       0x000000000000007f       0x80 ./src/USB/usbdesc.o
 .comment       0x000000000000007f       0x80 ./src/USB/usbhw.o
 .comment       0x000000000000007f       0x80 ./src/USB/usbuser.o
 .comment       0x000000000000007f       0x80 ./src/PERIPHERAL/SystemTickTimer.o
 .comment       0x000000000000007f       0x80 ./src/PERIPHERAL/ad.o
 .comment       0x000000000000007f       0x80 ./src/PERIPHERAL/debug.o
 .comment       0x000000000000007f       0x80 ./src/PERIPHERAL/i2c.o
 .comment       0x000000000000007f       0x80 ./src/PERIPHERAL/io.o
 .comment       0x000000000000007f       0x80 ./src/PERIPHERAL/pwm.o
 .comment       0x000000000000007f       0x80 ./src/PERIPHERAL/ssp.o
 .comment       0x000000000000007f       0x80 ./src/PERIPHERAL/timer.o
 .comment       0x000000000000007f       0x80 ./src/PERIPHERAL/uart.o
 .comment       0x000000000000007f       0x80 ./src/PERIPHERAL/usbTransmission.o
 .comment       0x000000000000007f       0x80 ./src/OTHER/cr_startup_lpc13xx.o
 .comment       0x000000000000007f       0x80 ./src/OTHER/crp.o
 .comment       0x000000000000007f       0x80 ./src/OTHER/serial.o
 .comment       0x000000000000007f       0x80 ./src/MODE/modeSelect.o
 .comment       0x000000000000007f       0x80 ./src/MODE/mode_BluetoothSetting.o
 .comment       0x000000000000007f       0x80 ./src/MODE/mode_controlRun.o
 .comment       0x000000000000007f       0x80 ./src/MODE/mode_debug.o
 .comment       0x000000000000007f       0x80 ./src/MODE/mode_dutyMax.o
 .comment       0x000000000000007f       0x80 ./src/MODE/mode_selectDuty.o
 .comment       0x000000000000007f       0x80 ./src/AICHIP/AICHIPFunction.o
 .comment       0x000000000000007f       0x80 ./src/AICHIP/EEPROM_24LC16BT_I.o
 .comment       0x000000000000007f       0x80 ./src/AICHIP/UserInterface.o
 .comment       0x000000000000007f       0x80 ./src/AICHIP/main.o
 .comment       0x000000000000007f       0x80 ./src/AICHIP/mpu9250.o
 .comment       0x000000000000007f       0x80 ./src/AICHIP/tinyMathFunctions.o
 .comment       0x000000000000007f       0x80 /home/kentaro/git/AIchipV3/sample_soft/CMSISv1p30_LPC13xx/Debug/libCMSISv1p30_LPC13xx.a(system_LPC13xx.o)
 .comment       0x000000000000007f       0x80 /usr/local/mcuxpressoide-10.3.1_2233/ide/plugins/com.nxp.mcuxpresso.tools.linux_10.3.0.201811011841/tools/bin/../lib/gcc/arm-none-eabi/7.3.1/../../../../arm-none-eabi/lib/thumb/v7-m/libcr_semihost.a(_cr__main.o)
 .comment       0x000000000000007f       0x80 /usr/local/mcuxpressoide-10.3.1_2233/ide/plugins/com.nxp.mcuxpresso.tools.linux_10.3.0.201811011841/tools/bin/../lib/gcc/arm-none-eabi/7.3.1/../../../../arm-none-eabi/lib/thumb/v7-m/libcr_c.a(memcpy.o)
 .comment       0x000000000000007f       0x80 /usr/local/mcuxpressoide-10.3.1_2233/ide/plugins/com.nxp.mcuxpresso.tools.linux_10.3.0.201811011841/tools/bin/../lib/gcc/arm-none-eabi/7.3.1/../../../../arm-none-eabi/lib/thumb/v7-m/libcr_c.a(fpprintf.o)
 .comment       0x000000000000007f       0x80 /usr/local/mcuxpressoide-10.3.1_2233/ide/plugins/com.nxp.mcuxpresso.tools.linux_10.3.0.201811011841/tools/bin/../lib/gcc/arm-none-eabi/7.3.1/../../../../arm-none-eabi/lib/thumb/v7-m/libcr_c.a(initio.o)
 .comment       0x000000000000007f       0x80 /usr/local/mcuxpressoide-10.3.1_2233/ide/plugins/com.nxp.mcuxpresso.tools.linux_10.3.0.201811011841/tools/bin/../lib/gcc/arm-none-eabi/7.3.1/../../../../arm-none-eabi/lib/thumb/v7-m/libcr_c.a(printf.o)
 .comment       0x000000000000007f       0x80 /usr/local/mcuxpressoide-10.3.1_2233/ide/plugins/com.nxp.mcuxpresso.tools.linux_10.3.0.201811011841/tools/bin/../lib/gcc/arm-none-eabi/7.3.1/../../../../arm-none-eabi/lib/thumb/v7-m/libcr_c.a(setvbuf.o)